[INFO] Scanning for projects...
[INFO] 
[INFO] ---------------------< com.my:college-management >----------------------
[INFO] Building CollegeManagement 0.0.1-SNAPSHOT
[INFO]   from pom.xml
[INFO] --------------------------------[ jar ]---------------------------------
[INFO] 
[INFO] >>> spring-boot:4.1.0:run (default-cli) > test-compile @ college-management >>>
[INFO] 
[INFO] --- resources:3.5.0:resources (default-resources) @ college-management ---
[INFO] Copying 2 resources from src/main/resources to target/classes
[INFO] Copying 0 resource from src/main/resources to target/classes
[INFO] 
[INFO] --- compiler:3.15.0:compile (default-compile) @ college-management ---
[INFO] Nothing to compile - all classes are up to date.
[INFO] 
[INFO] --- resources:3.5.0:testResources (default-testResources) @ college-management ---
[INFO] skip non existing resourceDirectory /home/samir/Downloads/CollegeManagement/src/test/resources
[INFO] 
[INFO] --- compiler:3.15.0:testCompile (default-testCompile) @ college-management ---
[INFO] Nothing to compile - all classes are up to date.
[INFO] 
[INFO] <<< spring-boot:4.1.0:run (default-cli) < test-compile @ college-management <<<
[INFO] 
[INFO] 
[INFO] --- spring-boot:4.1.0:run (default-cli) @ college-management ---
[INFO] Attaching agents: []

  .   ____          _            __ _ _
 /\\ / ___'_ __ _ _(_)_ __  __ _ \ \ \ \
( ( )\___ | '_ | '_| | '_ \/ _` | \ \ \ \
 \\/  ___)| |_)| | | | | || (_| |  ) ) ) )
  '  |____| .__|_| |_|_| |_\__, | / / / /
 =========|_|==============|___/=/_/_/_/

 :: Spring Boot ::                (v4.1.0)

2026-07-14T17:42:07.228+05:30  INFO 434073 --- [CollegeManagement] [  restartedMain] c.m.c.CollegeManagementApplication       : Starting CollegeManagementApplication using Java 21.0.11 with PID 434073 (/home/samir/Downloads/CollegeManagement/target/classes started by samir in /home/samir/Downloads/CollegeManagement)
2026-07-14T17:42:07.229+05:30 DEBUG 434073 --- [CollegeManagement] [  restartedMain] c.m.c.CollegeManagementApplication       : Running with Spring Boot v4.1.0, Spring v7.0.8
2026-07-14T17:42:07.229+05:30  INFO 434073 --- [CollegeManagement] [  restartedMain] c.m.c.CollegeManagementApplication       : The following 1 profile is active: "dev"
2026-07-14T17:42:07.251+05:30  INFO 434073 --- [CollegeManagement] [  restartedMain] .e.DevToolsPropertyDefaultsPostProcessor : Devtools property defaults active! Set 'spring.devtools.add-properties' to 'false' to disable
2026-07-14T17:42:07.252+05:30  INFO 434073 --- [CollegeManagement] [  restartedMain] .e.DevToolsPropertyDefaultsPostProcessor : For additional web related logging consider setting the 'logging.level.web' property to 'DEBUG'
2026-07-14T17:42:07.484+05:30  INFO 434073 --- [CollegeManagement] [  restartedMain] .s.d.r.c.RepositoryConfigurationDelegate : Bootstrapping Spring Data JPA repositories in DEFAULT mode.
2026-07-14T17:42:07.492+05:30  INFO 434073 --- [CollegeManagement] [  restartedMain] .s.d.r.c.RepositoryConfigurationDelegate : Finished Spring Data repository scanning in 4 ms. Found 0 JPA repository interfaces.
2026-07-14T17:42:07.689+05:30  INFO 434073 --- [CollegeManagement] [  restartedMain] o.s.boot.tomcat.TomcatWebServer          : Tomcat initialized with port 8080 (http)
2026-07-14T17:42:07.695+05:30  INFO 434073 --- [CollegeManagement] [  restartedMain] o.apache.catalina.core.StandardService   : Starting service [Tomcat]
2026-07-14T17:42:07.696+05:30  INFO 434073 --- [CollegeManagement] [  restartedMain] o.apache.catalina.core.StandardEngine    : Starting Servlet engine: [Apache Tomcat/11.0.22]
2026-07-14T17:42:07.709+05:30  INFO 434073 --- [CollegeManagement] [  restartedMain] b.w.c.s.WebApplicationContextInitializer : Root WebApplicationContext: initialization completed in 457 ms
2026-07-14T17:42:07.791+05:30  INFO 434073 --- [CollegeManagement] [  restartedMain] org.hibernate.orm.jpa                    : HHH008540: Processing PersistenceUnitInfo [name: default]
2026-07-14T17:42:07.811+05:30  INFO 434073 --- [CollegeManagement] [  restartedMain] org.hibernate.orm.core                   : HHH000001: Hibernate ORM core version 7.4.1.Final
2026-07-14T17:42:07.961+05:30  INFO 434073 --- [CollegeManagement] [  restartedMain] o.s.o.j.p.SpringPersistenceUnitInfo      : No LoadTimeWeaver setup: ignoring JPA class transformer
2026-07-14T17:42:07.973+05:30  INFO 434073 --- [CollegeManagement] [  restartedMain] com.zaxxer.hikari.HikariDataSource       : HikariPool-1 - Starting...
2026-07-14T17:42:08.035+05:30  INFO 434073 --- [CollegeManagement] [  restartedMain] com.zaxxer.hikari.pool.HikariPool        : HikariPool-1 - Added connection org.postgresql.jdbc.PgConnection@519af412
2026-07-14T17:42:08.036+05:30  INFO 434073 --- [CollegeManagement] [  restartedMain] com.zaxxer.hikari.HikariDataSource       : HikariPool-1 - Start completed.
2026-07-14T17:42:08.064+05:30  INFO 434073 --- [CollegeManagement] [  restartedMain] org.hibernate.orm.connections.pooling    : HHH10001005: Database info:
	Database JDBC URL [jdbc:postgresql://localhost:5432/college_db]
	Database driver: PostgreSQL JDBC Driver
	Database dialect: PostgreSQLDialect
	Database version: 15.18
	Default catalog/schema: college_db/public
	Autocommit mode: undefined/unknown
	Isolation level: READ_COMMITTED [default READ_COMMITTED]
	JDBC fetch size: none
	Pool: DataSourceConnectionProvider
	Minimum pool size: undefined/unknown
	Maximum pool size: undefined/unknown
2026-07-14T17:42:08.210+05:30  INFO 434073 --- [CollegeManagement] [  restartedMain] org.hibernate.orm.core                   : HHH000489: No JTA platform available (set 'hibernate.transaction.jta.platform' to enable JTA platform integration)
Hibernate: set client_min_messages = WARNING
2026-07-14T17:42:08.221+05:30  INFO 434073 --- [CollegeManagement] [  restartedMain] j.LocalContainerEntityManagerFactoryBean : Initialized JPA EntityManagerFactory for persistence unit 'default'
2026-07-14T17:42:08.294+05:30  WARN 434073 --- [CollegeManagement] [  restartedMain] .s.a.UserDetailsServiceAutoConfiguration : 

Using generated security password: f5c8ee63-aba2-4add-a893-82d4f53e9d5c

This generated password is for development use only. Your security configuration must be updated before running your application in production.

2026-07-14T17:42:08.296+05:30  INFO 434073 --- [CollegeManagement] [  restartedMain] r$InitializeUserDetailsManagerConfigurer : Global AuthenticationManager configured with UserDetailsService bean with name inMemoryUserDetailsManager
2026-07-14T17:42:08.457+05:30  INFO 434073 --- [CollegeManagement] [  restartedMain] o.s.boot.tomcat.TomcatWebServer          : Tomcat started on port 8080 (http) with context path '/'
2026-07-14T17:42:08.459+05:30  INFO 434073 --- [CollegeManagement] [  restartedMain] c.m.c.CollegeManagementApplication       : Started CollegeManagementApplication in 1.394 seconds (process running for 1.559)
2026-07-14T17:45:48.981+05:30  INFO 434073 --- [CollegeManagement] [   File Watcher] rtingClassPathChangeChangedEventListener : Restarting due to 1 class path change (1 addition, 0 deletions, 0 modifications)
2026-07-14T17:45:48.984+05:30  INFO 434073 --- [CollegeManagement] [       Thread-1] o.s.boot.tomcat.GracefulShutdown         : Commencing graceful shutdown. Waiting for active requests to complete
2026-07-14T17:45:48.986+05:30  INFO 434073 --- [CollegeManagement] [tomcat-shutdown] o.s.boot.tomcat.GracefulShutdown         : Graceful shutdown complete
2026-07-14T17:45:48.990+05:30  INFO 434073 --- [CollegeManagement] [       Thread-1] j.LocalContainerEntityManagerFactoryBean : Closing JPA EntityManagerFactory for persistence unit 'default'
Hibernate: set client_min_messages = WARNING
2026-07-14T17:45:48.993+05:30  INFO 434073 --- [CollegeManagement] [       Thread-1] com.zaxxer.hikari.HikariDataSource       : HikariPool-1 - Shutdown initiated...
2026-07-14T17:45:48.994+05:30  INFO 434073 --- [CollegeManagement] [       Thread-1] com.zaxxer.hikari.HikariDataSource       : HikariPool-1 - Shutdown completed.

  .   ____          _            __ _ _
 /\\ / ___'_ __ _ _(_)_ __  __ _ \ \ \ \
( ( )\___ | '_ | '_| | '_ \/ _` | \ \ \ \
 \\/  ___)| |_)| | | | | || (_| |  ) ) ) )
  '  |____| .__|_| |_|_| |_\__, | / / / /
 =========|_|==============|___/=/_/_/_/

 :: Spring Boot ::                (v4.1.0)

2026-07-14T17:45:49.042+05:30  INFO 434073 --- [CollegeManagement] [  restartedMain] c.m.c.CollegeManagementApplication       : Starting CollegeManagementApplication using Java 21.0.11 with PID 434073 (/home/samir/Downloads/CollegeManagement/target/classes started by samir in /home/samir/Downloads/CollegeManagement)
2026-07-14T17:45:49.042+05:30 DEBUG 434073 --- [CollegeManagement] [  restartedMain] c.m.c.CollegeManagementApplication       : Running with Spring Boot v4.1.0, Spring v7.0.8
2026-07-14T17:45:49.042+05:30  INFO 434073 --- [CollegeManagement] [  restartedMain] c.m.c.CollegeManagementApplication       : The following 1 profile is active: "dev"
2026-07-14T17:45:49.098+05:30  INFO 434073 --- [CollegeManagement] [  restartedMain] .s.d.r.c.RepositoryConfigurationDelegate : Bootstrapping Spring Data JPA repositories in DEFAULT mode.
2026-07-14T17:45:49.100+05:30  INFO 434073 --- [CollegeManagement] [  restartedMain] .s.d.r.c.RepositoryConfigurationDelegate : Finished Spring Data repository scanning in 0 ms. Found 0 JPA repository interfaces.
2026-07-14T17:45:49.138+05:30  INFO 434073 --- [CollegeManagement] [  restartedMain] o.s.boot.tomcat.TomcatWebServer          : Tomcat initialized with port 8080 (http)
2026-07-14T17:45:49.138+05:30  INFO 434073 --- [CollegeManagement] [  restartedMain] o.apache.catalina.core.StandardService   : Starting service [Tomcat]
2026-07-14T17:45:49.138+05:30  INFO 434073 --- [CollegeManagement] [  restartedMain] o.apache.catalina.core.StandardEngine    : Starting Servlet engine: [Apache Tomcat/11.0.22]
2026-07-14T17:45:49.142+05:30  INFO 434073 --- [CollegeManagement] [  restartedMain] b.w.c.s.WebApplicationContextInitializer : Root WebApplicationContext: initialization completed in 99 ms
2026-07-14T17:45:49.154+05:30  INFO 434073 --- [CollegeManagement] [  restartedMain] org.hibernate.orm.jpa                    : HHH008540: Processing PersistenceUnitInfo [name: default]
2026-07-14T17:45:49.162+05:30  INFO 434073 --- [CollegeManagement] [  restartedMain] o.s.o.j.p.SpringPersistenceUnitInfo      : No LoadTimeWeaver setup: ignoring JPA class transformer
2026-07-14T17:45:49.163+05:30  INFO 434073 --- [CollegeManagement] [  restartedMain] com.zaxxer.hikari.HikariDataSource       : HikariPool-2 - Starting...
2026-07-14T17:45:49.178+05:30  INFO 434073 --- [CollegeManagement] [  restartedMain] com.zaxxer.hikari.pool.HikariPool        : HikariPool-2 - Added connection org.postgresql.jdbc.PgConnection@5c806604
2026-07-14T17:45:49.178+05:30  INFO 434073 --- [CollegeManagement] [  restartedMain] com.zaxxer.hikari.HikariDataSource       : HikariPool-2 - Start completed.
2026-07-14T17:45:49.183+05:30  INFO 434073 --- [CollegeManagement] [  restartedMain] org.hibernate.orm.connections.pooling    : HHH10001005: Database info:
	Database JDBC URL [jdbc:postgresql://localhost:5432/college_db]
	Database driver: PostgreSQL JDBC Driver
	Database dialect: PostgreSQLDialect
	Database version: 15.18
	Default catalog/schema: college_db/public
	Autocommit mode: undefined/unknown
	Isolation level: READ_COMMITTED [default READ_COMMITTED]
	JDBC fetch size: none
	Pool: DataSourceConnectionProvider
	Minimum pool size: undefined/unknown
	Maximum pool size: undefined/unknown
2026-07-14T17:45:49.193+05:30  INFO 434073 --- [CollegeManagement] [  restartedMain] org.hibernate.orm.core                   : HHH000489: No JTA platform available (set 'hibernate.transaction.jta.platform' to enable JTA platform integration)
Hibernate: set client_min_messages = WARNING
2026-07-14T17:45:49.194+05:30  INFO 434073 --- [CollegeManagement] [  restartedMain] j.LocalContainerEntityManagerFactoryBean : Initialized JPA EntityManagerFactory for persistence unit 'default'
2026-07-14T17:45:49.217+05:30  WARN 434073 --- [CollegeManagement] [  restartedMain] .s.a.UserDetailsServiceAutoConfiguration : 

Using generated security password: ae80faf3-9af1-489e-9102-cdc9446cc079

This generated password is for development use only. Your security configuration must be updated before running your application in production.

2026-07-14T17:45:49.217+05:30  INFO 434073 --- [CollegeManagement] [  restartedMain] r$InitializeUserDetailsManagerConfigurer : Global AuthenticationManager configured with UserDetailsService bean with name inMemoryUserDetailsManager
2026-07-14T17:45:49.265+05:30  INFO 434073 --- [CollegeManagement] [  restartedMain] o.s.boot.tomcat.TomcatWebServer          : Tomcat started on port 8080 (http) with context path '/'
2026-07-14T17:45:49.266+05:30  INFO 434073 --- [CollegeManagement] [  restartedMain] c.m.c.CollegeManagementApplication       : Started CollegeManagementApplication in 0.235 seconds (process running for 222.365)
2026-07-14T17:45:49.267+05:30  INFO 434073 --- [CollegeManagement] [  restartedMain] .ConditionEvaluationDeltaLoggingListener : Condition evaluation unchanged
2026-07-14T17:45:55.664+05:30  INFO 434073 --- [CollegeManagement] [   File Watcher] rtingClassPathChangeChangedEventListener : Restarting due to 1 class path change (0 additions, 0 deletions, 1 modification)
2026-07-14T17:45:55.665+05:30  INFO 434073 --- [CollegeManagement] [       Thread-5] o.s.boot.tomcat.GracefulShutdown         : Commencing graceful shutdown. Waiting for active requests to complete
2026-07-14T17:45:55.666+05:30  INFO 434073 --- [CollegeManagement] [tomcat-shutdown] o.s.boot.tomcat.GracefulShutdown         : Graceful shutdown complete
2026-07-14T17:45:55.669+05:30  INFO 434073 --- [CollegeManagement] [       Thread-5] j.LocalContainerEntityManagerFactoryBean : Closing JPA EntityManagerFactory for persistence unit 'default'
Hibernate: set client_min_messages = WARNING
2026-07-14T17:45:55.671+05:30  INFO 434073 --- [CollegeManagement] [       Thread-5] com.zaxxer.hikari.HikariDataSource       : HikariPool-2 - Shutdown initiated...
2026-07-14T17:45:55.673+05:30  INFO 434073 --- [CollegeManagement] [       Thread-5] com.zaxxer.hikari.HikariDataSource       : HikariPool-2 - Shutdown completed.

  .   ____          _            __ _ _
 /\\ / ___'_ __ _ _(_)_ __  __ _ \ \ \ \
( ( )\___ | '_ | '_| | '_ \/ _` | \ \ \ \
 \\/  ___)| |_)| | | | | || (_| |  ) ) ) )
  '  |____| .__|_| |_|_| |_\__, | / / / /
 =========|_|==============|___/=/_/_/_/

 :: Spring Boot ::                (v4.1.0)

2026-07-14T17:45:55.730+05:30  INFO 434073 --- [CollegeManagement] [  restartedMain] c.m.c.CollegeManagementApplication       : Starting CollegeManagementApplication using Java 21.0.11 with PID 434073 (/home/samir/Downloads/CollegeManagement/target/classes started by samir in /home/samir/Downloads/CollegeManagement)
2026-07-14T17:45:55.730+05:30 DEBUG 434073 --- [CollegeManagement] [  restartedMain] c.m.c.CollegeManagementApplication       : Running with Spring Boot v4.1.0, Spring v7.0.8
2026-07-14T17:45:55.730+05:30  INFO 434073 --- [CollegeManagement] [  restartedMain] c.m.c.CollegeManagementApplication       : The following 1 profile is active: "dev"
2026-07-14T17:45:55.777+05:30  INFO 434073 --- [CollegeManagement] [  restartedMain] .s.d.r.c.RepositoryConfigurationDelegate : Bootstrapping Spring Data JPA repositories in DEFAULT mode.
2026-07-14T17:45:55.779+05:30  INFO 434073 --- [CollegeManagement] [  restartedMain] .s.d.r.c.RepositoryConfigurationDelegate : Finished Spring Data repository scanning in 0 ms. Found 0 JPA repository interfaces.
2026-07-14T17:45:55.811+05:30  INFO 434073 --- [CollegeManagement] [  restartedMain] o.s.boot.tomcat.TomcatWebServer          : Tomcat initialized with port 8080 (http)
2026-07-14T17:45:55.812+05:30  INFO 434073 --- [CollegeManagement] [  restartedMain] o.apache.catalina.core.StandardService   : Starting service [Tomcat]
2026-07-14T17:45:55.812+05:30  INFO 434073 --- [CollegeManagement] [  restartedMain] o.apache.catalina.core.StandardEngine    : Starting Servlet engine: [Apache Tomcat/11.0.22]
2026-07-14T17:45:55.815+05:30  INFO 434073 --- [CollegeManagement] [  restartedMain] b.w.c.s.WebApplicationContextInitializer : Root WebApplicationContext: initialization completed in 84 ms
2026-07-14T17:45:55.827+05:30  INFO 434073 --- [CollegeManagement] [  restartedMain] org.hibernate.orm.jpa                    : HHH008540: Processing PersistenceUnitInfo [name: default]
2026-07-14T17:45:55.833+05:30  INFO 434073 --- [CollegeManagement] [  restartedMain] o.s.o.j.p.SpringPersistenceUnitInfo      : No LoadTimeWeaver setup: ignoring JPA class transformer
2026-07-14T17:45:55.833+05:30  INFO 434073 --- [CollegeManagement] [  restartedMain] com.zaxxer.hikari.HikariDataSource       : HikariPool-3 - Starting...
2026-07-14T17:45:55.846+05:30  INFO 434073 --- [CollegeManagement] [  restartedMain] com.zaxxer.hikari.pool.HikariPool        : HikariPool-3 - Added connection org.postgresql.jdbc.PgConnection@458a278f
2026-07-14T17:45:55.846+05:30  INFO 434073 --- [CollegeManagement] [  restartedMain] com.zaxxer.hikari.HikariDataSource       : HikariPool-3 - Start completed.
2026-07-14T17:45:55.850+05:30  INFO 434073 --- [CollegeManagement] [  restartedMain] org.hibernate.orm.connections.pooling    : HHH10001005: Database info:
	Database JDBC URL [jdbc:postgresql://localhost:5432/college_db]
	Database driver: PostgreSQL JDBC Driver
	Database dialect: PostgreSQLDialect
	Database version: 15.18
	Default catalog/schema: college_db/public
	Autocommit mode: undefined/unknown
	Isolation level: READ_COMMITTED [default READ_COMMITTED]
	JDBC fetch size: none
	Pool: DataSourceConnectionProvider
	Minimum pool size: undefined/unknown
	Maximum pool size: undefined/unknown
2026-07-14T17:45:55.858+05:30  INFO 434073 --- [CollegeManagement] [  restartedMain] org.hibernate.orm.core                   : HHH000489: No JTA platform available (set 'hibernate.transaction.jta.platform' to enable JTA platform integration)
Hibernate: set client_min_messages = WARNING
2026-07-14T17:45:55.860+05:30  INFO 434073 --- [CollegeManagement] [  restartedMain] j.LocalContainerEntityManagerFactoryBean : Initialized JPA EntityManagerFactory for persistence unit 'default'
2026-07-14T17:45:55.881+05:30  WARN 434073 --- [CollegeManagement] [  restartedMain] .s.a.UserDetailsServiceAutoConfiguration : 

Using generated security password: 4b35cd30-c644-4324-a999-20c4c12d37dd

This generated password is for development use only. Your security configuration must be updated before running your application in production.

2026-07-14T17:45:55.881+05:30  INFO 434073 --- [CollegeManagement] [  restartedMain] r$InitializeUserDetailsManagerConfigurer : Global AuthenticationManager configured with UserDetailsService bean with name inMemoryUserDetailsManager
2026-07-14T17:45:55.934+05:30  INFO 434073 --- [CollegeManagement] [  restartedMain] o.s.boot.tomcat.TomcatWebServer          : Tomcat started on port 8080 (http) with context path '/'
2026-07-14T17:45:55.935+05:30  INFO 434073 --- [CollegeManagement] [  restartedMain] c.m.c.CollegeManagementApplication       : Started CollegeManagementApplication in 0.214 seconds (process running for 229.034)
2026-07-14T17:45:55.935+05:30  INFO 434073 --- [CollegeManagement] [  restartedMain] .ConditionEvaluationDeltaLoggingListener : Condition evaluation unchanged
2026-07-14T17:46:31.351+05:30  INFO 434073 --- [CollegeManagement] [   File Watcher] rtingClassPathChangeChangedEventListener : Restarting due to 2 class path changes (2 additions, 0 deletions, 0 modifications)
2026-07-14T17:46:31.353+05:30  INFO 434073 --- [CollegeManagement] [       Thread-9] o.s.boot.tomcat.GracefulShutdown         : Commencing graceful shutdown. Waiting for active requests to complete
2026-07-14T17:46:31.355+05:30  INFO 434073 --- [CollegeManagement] [tomcat-shutdown] o.s.boot.tomcat.GracefulShutdown         : Graceful shutdown complete
2026-07-14T17:46:31.356+05:30  INFO 434073 --- [CollegeManagement] [       Thread-9] j.LocalContainerEntityManagerFactoryBean : Closing JPA EntityManagerFactory for persistence unit 'default'
Hibernate: set client_min_messages = WARNING
2026-07-14T17:46:31.358+05:30  INFO 434073 --- [CollegeManagement] [       Thread-9] com.zaxxer.hikari.HikariDataSource       : HikariPool-3 - Shutdown initiated...
2026-07-14T17:46:31.360+05:30  INFO 434073 --- [CollegeManagement] [       Thread-9] com.zaxxer.hikari.HikariDataSource       : HikariPool-3 - Shutdown completed.

  .   ____          _            __ _ _
 /\\ / ___'_ __ _ _(_)_ __  __ _ \ \ \ \
( ( )\___ | '_ | '_| | '_ \/ _` | \ \ \ \
 \\/  ___)| |_)| | | | | || (_| |  ) ) ) )
  '  |____| .__|_| |_|_| |_\__, | / / / /
 =========|_|==============|___/=/_/_/_/

 :: Spring Boot ::                (v4.1.0)

2026-07-14T17:46:31.431+05:30  INFO 434073 --- [CollegeManagement] [  restartedMain] c.m.c.CollegeManagementApplication       : Starting CollegeManagementApplication using Java 21.0.11 with PID 434073 (/home/samir/Downloads/CollegeManagement/target/classes started by samir in /home/samir/Downloads/CollegeManagement)
2026-07-14T17:46:31.431+05:30 DEBUG 434073 --- [CollegeManagement] [  restartedMain] c.m.c.CollegeManagementApplication       : Running with Spring Boot v4.1.0, Spring v7.0.8
2026-07-14T17:46:31.431+05:30  INFO 434073 --- [CollegeManagement] [  restartedMain] c.m.c.CollegeManagementApplication       : The following 1 profile is active: "dev"
2026-07-14T17:46:31.476+05:30  INFO 434073 --- [CollegeManagement] [  restartedMain] .s.d.r.c.RepositoryConfigurationDelegate : Bootstrapping Spring Data JPA repositories in DEFAULT mode.
2026-07-14T17:46:31.478+05:30  INFO 434073 --- [CollegeManagement] [  restartedMain] .s.d.r.c.RepositoryConfigurationDelegate : Finished Spring Data repository scanning in 0 ms. Found 0 JPA repository interfaces.
2026-07-14T17:46:31.504+05:30  INFO 434073 --- [CollegeManagement] [  restartedMain] o.s.boot.tomcat.TomcatWebServer          : Tomcat initialized with port 8080 (http)
2026-07-14T17:46:31.505+05:30  INFO 434073 --- [CollegeManagement] [  restartedMain] o.apache.catalina.core.StandardService   : Starting service [Tomcat]
2026-07-14T17:46:31.505+05:30  INFO 434073 --- [CollegeManagement] [  restartedMain] o.apache.catalina.core.StandardEngine    : Starting Servlet engine: [Apache Tomcat/11.0.22]
2026-07-14T17:46:31.508+05:30  INFO 434073 --- [CollegeManagement] [  restartedMain] b.w.c.s.WebApplicationContextInitializer : Root WebApplicationContext: initialization completed in 76 ms
2026-07-14T17:46:31.520+05:30  INFO 434073 --- [CollegeManagement] [  restartedMain] org.hibernate.orm.jpa                    : HHH008540: Processing PersistenceUnitInfo [name: default]
2026-07-14T17:46:31.527+05:30  INFO 434073 --- [CollegeManagement] [  restartedMain] o.s.o.j.p.SpringPersistenceUnitInfo      : No LoadTimeWeaver setup: ignoring JPA class transformer
2026-07-14T17:46:31.528+05:30  INFO 434073 --- [CollegeManagement] [  restartedMain] com.zaxxer.hikari.HikariDataSource       : HikariPool-4 - Starting...
2026-07-14T17:46:31.542+05:30  INFO 434073 --- [CollegeManagement] [  restartedMain] com.zaxxer.hikari.pool.HikariPool        : HikariPool-4 - Added connection org.postgresql.jdbc.PgConnection@537af094
2026-07-14T17:46:31.542+05:30  INFO 434073 --- [CollegeManagement] [  restartedMain] com.zaxxer.hikari.HikariDataSource       : HikariPool-4 - Start completed.
2026-07-14T17:46:31.548+05:30  INFO 434073 --- [CollegeManagement] [  restartedMain] org.hibernate.orm.connections.pooling    : HHH10001005: Database info:
	Database JDBC URL [jdbc:postgresql://localhost:5432/college_db]
	Database driver: PostgreSQL JDBC Driver
	Database dialect: PostgreSQLDialect
	Database version: 15.18
	Default catalog/schema: college_db/public
	Autocommit mode: undefined/unknown
	Isolation level: READ_COMMITTED [default READ_COMMITTED]
	JDBC fetch size: none
	Pool: DataSourceConnectionProvider
	Minimum pool size: undefined/unknown
	Maximum pool size: undefined/unknown
2026-07-14T17:46:31.780+05:30  INFO 434073 --- [CollegeManagement] [  restartedMain] org.hibernate.orm.core                   : HHH000489: No JTA platform available (set 'hibernate.transaction.jta.platform' to enable JTA platform integration)
Hibernate: set client_min_messages = WARNING
Hibernate: drop table if exists users cascade
Hibernate: create table users (is_active boolean not null, created_at timestamp(6), id bigint generated by default as identity, updated_at timestamp(6), email varchar(255) not null unique, first_name varchar(255) not null, last_name varchar(255) not null, password varchar(255) not null, phone varchar(255), role varchar(255) not null check ((role in ('SUPER_ADMIN','ADMIN','FACULTY','STUDENT','PARENT'))), primary key (id))
2026-07-14T17:46:31.799+05:30  INFO 434073 --- [CollegeManagement] [  restartedMain] j.LocalContainerEntityManagerFactoryBean : Initialized JPA EntityManagerFactory for persistence unit 'default'
2026-07-14T17:46:31.822+05:30  WARN 434073 --- [CollegeManagement] [  restartedMain] .s.a.UserDetailsServiceAutoConfiguration : 

Using generated security password: 10a8c200-4064-49a2-8f47-9e9e0a1fae77

This generated password is for development use only. Your security configuration must be updated before running your application in production.

2026-07-14T17:46:31.822+05:30  INFO 434073 --- [CollegeManagement] [  restartedMain] r$InitializeUserDetailsManagerConfigurer : Global AuthenticationManager configured with UserDetailsService bean with name inMemoryUserDetailsManager
2026-07-14T17:46:31.864+05:30  INFO 434073 --- [CollegeManagement] [  restartedMain] o.s.boot.tomcat.TomcatWebServer          : Tomcat started on port 8080 (http) with context path '/'
2026-07-14T17:46:31.865+05:30  INFO 434073 --- [CollegeManagement] [  restartedMain] c.m.c.CollegeManagementApplication       : Started CollegeManagementApplication in 0.444 seconds (process running for 264.965)
2026-07-14T17:46:31.865+05:30  INFO 434073 --- [CollegeManagement] [  restartedMain] .ConditionEvaluationDeltaLoggingListener : Condition evaluation unchanged
2026-07-14T17:48:35.327+05:30  INFO 434073 --- [CollegeManagement] [   File Watcher] rtingClassPathChangeChangedEventListener : Restarting due to 1 class path change (1 addition, 0 deletions, 0 modifications)
2026-07-14T17:48:35.329+05:30  INFO 434073 --- [CollegeManagement] [      Thread-13] o.s.boot.tomcat.GracefulShutdown         : Commencing graceful shutdown. Waiting for active requests to complete
2026-07-14T17:48:35.330+05:30  INFO 434073 --- [CollegeManagement] [tomcat-shutdown] o.s.boot.tomcat.GracefulShutdown         : Graceful shutdown complete
2026-07-14T17:48:35.332+05:30  INFO 434073 --- [CollegeManagement] [      Thread-13] j.LocalContainerEntityManagerFactoryBean : Closing JPA EntityManagerFactory for persistence unit 'default'
Hibernate: set client_min_messages = WARNING
Hibernate: drop table if exists users cascade
2026-07-14T17:48:35.342+05:30  INFO 434073 --- [CollegeManagement] [      Thread-13] com.zaxxer.hikari.HikariDataSource       : HikariPool-4 - Shutdown initiated...
2026-07-14T17:48:35.343+05:30  INFO 434073 --- [CollegeManagement] [      Thread-13] com.zaxxer.hikari.HikariDataSource       : HikariPool-4 - Shutdown completed.

  .   ____          _            __ _ _
 /\\ / ___'_ __ _ _(_)_ __  __ _ \ \ \ \
( ( )\___ | '_ | '_| | '_ \/ _` | \ \ \ \
 \\/  ___)| |_)| | | | | || (_| |  ) ) ) )
  '  |____| .__|_| |_|_| |_\__, | / / / /
 =========|_|==============|___/=/_/_/_/

 :: Spring Boot ::                (v4.1.0)

2026-07-14T17:48:35.390+05:30  INFO 434073 --- [CollegeManagement] [  restartedMain] c.m.c.CollegeManagementApplication       : Starting CollegeManagementApplication using Java 21.0.11 with PID 434073 (/home/samir/Downloads/CollegeManagement/target/classes started by samir in /home/samir/Downloads/CollegeManagement)
2026-07-14T17:48:35.390+05:30 DEBUG 434073 --- [CollegeManagement] [  restartedMain] c.m.c.CollegeManagementApplication       : Running with Spring Boot v4.1.0, Spring v7.0.8
2026-07-14T17:48:35.390+05:30  INFO 434073 --- [CollegeManagement] [  restartedMain] c.m.c.CollegeManagementApplication       : The following 1 profile is active: "dev"
2026-07-14T17:48:35.431+05:30  INFO 434073 --- [CollegeManagement] [  restartedMain] .s.d.r.c.RepositoryConfigurationDelegate : Bootstrapping Spring Data JPA repositories in DEFAULT mode.
2026-07-14T17:48:35.444+05:30  INFO 434073 --- [CollegeManagement] [  restartedMain] .s.d.r.c.RepositoryConfigurationDelegate : Finished Spring Data repository scanning in 12 ms. Found 1 JPA repository interface.
2026-07-14T17:48:35.475+05:30  INFO 434073 --- [CollegeManagement] [  restartedMain] o.s.boot.tomcat.TomcatWebServer          : Tomcat initialized with port 8080 (http)
2026-07-14T17:48:35.476+05:30  INFO 434073 --- [CollegeManagement] [  restartedMain] o.apache.catalina.core.StandardService   : Starting service [Tomcat]
2026-07-14T17:48:35.476+05:30  INFO 434073 --- [CollegeManagement] [  restartedMain] o.apache.catalina.core.StandardEngine    : Starting Servlet engine: [Apache Tomcat/11.0.22]
2026-07-14T17:48:35.479+05:30  INFO 434073 --- [CollegeManagement] [  restartedMain] b.w.c.s.WebApplicationContextInitializer : Root WebApplicationContext: initialization completed in 88 ms
2026-07-14T17:48:35.491+05:30  INFO 434073 --- [CollegeManagement] [  restartedMain] org.hibernate.orm.jpa                    : HHH008540: Processing PersistenceUnitInfo [name: default]
2026-07-14T17:48:35.497+05:30  INFO 434073 --- [CollegeManagement] [  restartedMain] o.s.o.j.p.SpringPersistenceUnitInfo      : No LoadTimeWeaver setup: ignoring JPA class transformer
2026-07-14T17:48:35.497+05:30  INFO 434073 --- [CollegeManagement] [  restartedMain] com.zaxxer.hikari.HikariDataSource       : HikariPool-5 - Starting...
2026-07-14T17:48:35.511+05:30  INFO 434073 --- [CollegeManagement] [  restartedMain] com.zaxxer.hikari.pool.HikariPool        : HikariPool-5 - Added connection org.postgresql.jdbc.PgConnection@32b0a2bd
2026-07-14T17:48:35.511+05:30  INFO 434073 --- [CollegeManagement] [  restartedMain] com.zaxxer.hikari.HikariDataSource       : HikariPool-5 - Start completed.
2026-07-14T17:48:35.513+05:30  INFO 434073 --- [CollegeManagement] [  restartedMain] org.hibernate.orm.connections.pooling    : HHH10001005: Database info:
	Database JDBC URL [jdbc:postgresql://localhost:5432/college_db]
	Database driver: PostgreSQL JDBC Driver
	Database dialect: PostgreSQLDialect
	Database version: 15.18
	Default catalog/schema: college_db/public
	Autocommit mode: undefined/unknown
	Isolation level: READ_COMMITTED [default READ_COMMITTED]
	JDBC fetch size: none
	Pool: DataSourceConnectionProvider
	Minimum pool size: undefined/unknown
	Maximum pool size: undefined/unknown
2026-07-14T17:48:35.537+05:30  INFO 434073 --- [CollegeManagement] [  restartedMain] org.hibernate.orm.core                   : HHH000489: No JTA platform available (set 'hibernate.transaction.jta.platform' to enable JTA platform integration)
Hibernate: set client_min_messages = WARNING
Hibernate: drop table if exists users cascade
Hibernate: create table users (is_active boolean not null, created_at timestamp(6), id bigint generated by default as identity, updated_at timestamp(6), email varchar(255) not null unique, first_name varchar(255) not null, last_name varchar(255) not null, password varchar(255) not null, phone varchar(255), role varchar(255) not null check ((role in ('SUPER_ADMIN','ADMIN','FACULTY','STUDENT','PARENT'))), primary key (id))
2026-07-14T17:48:35.552+05:30  INFO 434073 --- [CollegeManagement] [  restartedMain] j.LocalContainerEntityManagerFactoryBean : Initialized JPA EntityManagerFactory for persistence unit 'default'
2026-07-14T17:48:35.570+05:30  WARN 434073 --- [CollegeManagement] [  restartedMain] .s.a.UserDetailsServiceAutoConfiguration : 

Using generated security password: ea3aacbc-02d3-427f-a3f8-0e9bee4a4ab9

This generated password is for development use only. Your security configuration must be updated before running your application in production.

2026-07-14T17:48:35.570+05:30  INFO 434073 --- [CollegeManagement] [  restartedMain] r$InitializeUserDetailsManagerConfigurer : Global AuthenticationManager configured with UserDetailsService bean with name inMemoryUserDetailsManager
2026-07-14T17:48:35.633+05:30  INFO 434073 --- [CollegeManagement] [  restartedMain] o.s.d.j.r.query.QueryEnhancerFactories   : Hibernate is in classpath; If applicable, HQL parser will be used.
2026-07-14T17:48:35.711+05:30  INFO 434073 --- [CollegeManagement] [  restartedMain] o.s.boot.tomcat.TomcatWebServer          : Tomcat started on port 8080 (http) with context path '/'
2026-07-14T17:48:35.712+05:30  INFO 434073 --- [CollegeManagement] [  restartedMain] c.m.c.CollegeManagementApplication       : Started CollegeManagementApplication in 0.332 seconds (process running for 388.812)
2026-07-14T17:48:35.712+05:30  INFO 434073 --- [CollegeManagement] [  restartedMain] .ConditionEvaluationDeltaLoggingListener : Condition evaluation unchanged
2026-07-14T17:48:38.109+05:30  INFO 434073 --- [CollegeManagement] [   File Watcher] rtingClassPathChangeChangedEventListener : Restarting due to 1 class path change (0 additions, 0 deletions, 1 modification)
2026-07-14T17:48:38.110+05:30  INFO 434073 --- [CollegeManagement] [      Thread-17] o.s.boot.tomcat.GracefulShutdown         : Commencing graceful shutdown. Waiting for active requests to complete
2026-07-14T17:48:38.111+05:30  INFO 434073 --- [CollegeManagement] [tomcat-shutdown] o.s.boot.tomcat.GracefulShutdown         : Graceful shutdown complete
2026-07-14T17:48:38.114+05:30  INFO 434073 --- [CollegeManagement] [      Thread-17] j.LocalContainerEntityManagerFactoryBean : Closing JPA EntityManagerFactory for persistence unit 'default'
Hibernate: set client_min_messages = WARNING
Hibernate: drop table if exists users cascade
2026-07-14T17:48:38.121+05:30  INFO 434073 --- [CollegeManagement] [      Thread-17] com.zaxxer.hikari.HikariDataSource       : HikariPool-5 - Shutdown initiated...
2026-07-14T17:48:38.124+05:30  INFO 434073 --- [CollegeManagement] [      Thread-17] com.zaxxer.hikari.HikariDataSource       : HikariPool-5 - Shutdown completed.

  .   ____          _            __ _ _
 /\\ / ___'_ __ _ _(_)_ __  __ _ \ \ \ \
( ( )\___ | '_ | '_| | '_ \/ _` | \ \ \ \
 \\/  ___)| |_)| | | | | || (_| |  ) ) ) )
  '  |____| .__|_| |_|_| |_\__, | / / / /
 =========|_|==============|___/=/_/_/_/

 :: Spring Boot ::                (v4.1.0)

2026-07-14T17:48:38.225+05:30  INFO 434073 --- [CollegeManagement] [  restartedMain] c.m.c.CollegeManagementApplication       : Starting CollegeManagementApplication using Java 21.0.11 with PID 434073 (/home/samir/Downloads/CollegeManagement/target/classes started by samir in /home/samir/Downloads/CollegeManagement)
2026-07-14T17:48:38.225+05:30 DEBUG 434073 --- [CollegeManagement] [  restartedMain] c.m.c.CollegeManagementApplication       : Running with Spring Boot v4.1.0, Spring v7.0.8
2026-07-14T17:48:38.225+05:30  INFO 434073 --- [CollegeManagement] [  restartedMain] c.m.c.CollegeManagementApplication       : The following 1 profile is active: "dev"
2026-07-14T17:48:38.259+05:30  INFO 434073 --- [CollegeManagement] [  restartedMain] .s.d.r.c.RepositoryConfigurationDelegate : Bootstrapping Spring Data JPA repositories in DEFAULT mode.
2026-07-14T17:48:38.262+05:30  INFO 434073 --- [CollegeManagement] [  restartedMain] .s.d.r.c.RepositoryConfigurationDelegate : Finished Spring Data repository scanning in 2 ms. Found 1 JPA repository interface.
2026-07-14T17:48:38.288+05:30  INFO 434073 --- [CollegeManagement] [  restartedMain] o.s.boot.tomcat.TomcatWebServer          : Tomcat initialized with port 8080 (http)
2026-07-14T17:48:38.288+05:30  INFO 434073 --- [CollegeManagement] [  restartedMain] o.apache.catalina.core.StandardService   : Starting service [Tomcat]
2026-07-14T17:48:38.288+05:30  INFO 434073 --- [CollegeManagement] [  restartedMain] o.apache.catalina.core.StandardEngine    : Starting Servlet engine: [Apache Tomcat/11.0.22]
2026-07-14T17:48:38.291+05:30  INFO 434073 --- [CollegeManagement] [  restartedMain] b.w.c.s.WebApplicationContextInitializer : Root WebApplicationContext: initialization completed in 65 ms
2026-07-14T17:48:38.302+05:30  INFO 434073 --- [CollegeManagement] [  restartedMain] org.hibernate.orm.jpa                    : HHH008540: Processing PersistenceUnitInfo [name: default]
2026-07-14T17:48:38.308+05:30  INFO 434073 --- [CollegeManagement] [  restartedMain] o.s.o.j.p.SpringPersistenceUnitInfo      : No LoadTimeWeaver setup: ignoring JPA class transformer
2026-07-14T17:48:38.309+05:30  INFO 434073 --- [CollegeManagement] [  restartedMain] com.zaxxer.hikari.HikariDataSource       : HikariPool-6 - Starting...
2026-07-14T17:48:38.323+05:30  INFO 434073 --- [CollegeManagement] [  restartedMain] com.zaxxer.hikari.pool.HikariPool        : HikariPool-6 - Added connection org.postgresql.jdbc.PgConnection@68842fa
2026-07-14T17:48:38.323+05:30  INFO 434073 --- [CollegeManagement] [  restartedMain] com.zaxxer.hikari.HikariDataSource       : HikariPool-6 - Start completed.
2026-07-14T17:48:38.331+05:30  INFO 434073 --- [CollegeManagement] [  restartedMain] org.hibernate.orm.connections.pooling    : HHH10001005: Database info:
	Database JDBC URL [jdbc:postgresql://localhost:5432/college_db]
	Database driver: PostgreSQL JDBC Driver
	Database dialect: PostgreSQLDialect
	Database version: 15.18
	Default catalog/schema: college_db/public
	Autocommit mode: undefined/unknown
	Isolation level: READ_COMMITTED [default READ_COMMITTED]
	JDBC fetch size: none
	Pool: DataSourceConnectionProvider
	Minimum pool size: undefined/unknown
	Maximum pool size: undefined/unknown
2026-07-14T17:48:38.359+05:30  INFO 434073 --- [CollegeManagement] [  restartedMain] org.hibernate.orm.core                   : HHH000489: No JTA platform available (set 'hibernate.transaction.jta.platform' to enable JTA platform integration)
Hibernate: set client_min_messages = WARNING
Hibernate: drop table if exists users cascade
Hibernate: create table users (is_active boolean not null, created_at timestamp(6), id bigint generated by default as identity, updated_at timestamp(6), email varchar(255) not null unique, first_name varchar(255) not null, last_name varchar(255) not null, password varchar(255) not null, phone varchar(255), role varchar(255) not null check ((role in ('SUPER_ADMIN','ADMIN','FACULTY','STUDENT','PARENT'))), primary key (id))
2026-07-14T17:48:38.373+05:30  INFO 434073 --- [CollegeManagement] [  restartedMain] j.LocalContainerEntityManagerFactoryBean : Initialized JPA EntityManagerFactory for persistence unit 'default'
2026-07-14T17:48:38.393+05:30  WARN 434073 --- [CollegeManagement] [  restartedMain] .s.a.UserDetailsServiceAutoConfiguration : 

Using generated security password: eedf0553-1179-4190-bc15-55a4b3c6f530

This generated password is for development use only. Your security configuration must be updated before running your application in production.

2026-07-14T17:48:38.393+05:30  INFO 434073 --- [CollegeManagement] [  restartedMain] r$InitializeUserDetailsManagerConfigurer : Global AuthenticationManager configured with UserDetailsService bean with name inMemoryUserDetailsManager
2026-07-14T17:48:38.449+05:30  INFO 434073 --- [CollegeManagement] [  restartedMain] o.s.boot.tomcat.TomcatWebServer          : Tomcat started on port 8080 (http) with context path '/'
2026-07-14T17:48:38.450+05:30  INFO 434073 --- [CollegeManagement] [  restartedMain] c.m.c.CollegeManagementApplication       : Started CollegeManagementApplication in 0.234 seconds (process running for 391.549)
2026-07-14T17:48:38.450+05:30  INFO 434073 --- [CollegeManagement] [  restartedMain] .ConditionEvaluationDeltaLoggingListener : Condition evaluation unchanged
2026-07-14T17:50:02.899+05:30  INFO 434073 --- [CollegeManagement] [   File Watcher] rtingClassPathChangeChangedEventListener : Restarting due to 1 class path change (1 addition, 0 deletions, 0 modifications)
2026-07-14T17:50:02.901+05:30  INFO 434073 --- [CollegeManagement] [      Thread-21] o.s.boot.tomcat.GracefulShutdown         : Commencing graceful shutdown. Waiting for active requests to complete
2026-07-14T17:50:02.902+05:30  INFO 434073 --- [CollegeManagement] [tomcat-shutdown] o.s.boot.tomcat.GracefulShutdown         : Graceful shutdown complete
2026-07-14T17:50:02.904+05:30  INFO 434073 --- [CollegeManagement] [      Thread-21] j.LocalContainerEntityManagerFactoryBean : Closing JPA EntityManagerFactory for persistence unit 'default'
Hibernate: set client_min_messages = WARNING
Hibernate: drop table if exists users cascade
2026-07-14T17:50:02.910+05:30  INFO 434073 --- [CollegeManagement] [      Thread-21] com.zaxxer.hikari.HikariDataSource       : HikariPool-6 - Shutdown initiated...
2026-07-14T17:50:02.911+05:30  INFO 434073 --- [CollegeManagement] [      Thread-21] com.zaxxer.hikari.HikariDataSource       : HikariPool-6 - Shutdown completed.

  .   ____          _            __ _ _
 /\\ / ___'_ __ _ _(_)_ __  __ _ \ \ \ \
( ( )\___ | '_ | '_| | '_ \/ _` | \ \ \ \
 \\/  ___)| |_)| | | | | || (_| |  ) ) ) )
  '  |____| .__|_| |_|_| |_\__, | / / / /
 =========|_|==============|___/=/_/_/_/

 :: Spring Boot ::                (v4.1.0)

2026-07-14T17:50:02.955+05:30  INFO 434073 --- [CollegeManagement] [  restartedMain] c.m.c.CollegeManagementApplication       : Starting CollegeManagementApplication using Java 21.0.11 with PID 434073 (/home/samir/Downloads/CollegeManagement/target/classes started by samir in /home/samir/Downloads/CollegeManagement)
2026-07-14T17:50:02.956+05:30 DEBUG 434073 --- [CollegeManagement] [  restartedMain] c.m.c.CollegeManagementApplication       : Running with Spring Boot v4.1.0, Spring v7.0.8
2026-07-14T17:50:02.956+05:30  INFO 434073 --- [CollegeManagement] [  restartedMain] c.m.c.CollegeManagementApplication       : The following 1 profile is active: "dev"
2026-07-14T17:50:03.005+05:30  INFO 434073 --- [CollegeManagement] [  restartedMain] .s.d.r.c.RepositoryConfigurationDelegate : Bootstrapping Spring Data JPA repositories in DEFAULT mode.
2026-07-14T17:50:03.008+05:30  INFO 434073 --- [CollegeManagement] [  restartedMain] .s.d.r.c.RepositoryConfigurationDelegate : Finished Spring Data repository scanning in 2 ms. Found 1 JPA repository interface.
2026-07-14T17:50:03.039+05:30  INFO 434073 --- [CollegeManagement] [  restartedMain] o.s.boot.tomcat.TomcatWebServer          : Tomcat initialized with port 8080 (http)
2026-07-14T17:50:03.040+05:30  INFO 434073 --- [CollegeManagement] [  restartedMain] o.apache.catalina.core.StandardService   : Starting service [Tomcat]
2026-07-14T17:50:03.040+05:30  INFO 434073 --- [CollegeManagement] [  restartedMain] o.apache.catalina.core.StandardEngine    : Starting Servlet engine: [Apache Tomcat/11.0.22]
2026-07-14T17:50:03.044+05:30  INFO 434073 --- [CollegeManagement] [  restartedMain] b.w.c.s.WebApplicationContextInitializer : Root WebApplicationContext: initialization completed in 87 ms
2026-07-14T17:50:03.058+05:30  INFO 434073 --- [CollegeManagement] [  restartedMain] org.hibernate.orm.jpa                    : HHH008540: Processing PersistenceUnitInfo [name: default]
2026-07-14T17:50:03.066+05:30  INFO 434073 --- [CollegeManagement] [  restartedMain] o.s.o.j.p.SpringPersistenceUnitInfo      : No LoadTimeWeaver setup: ignoring JPA class transformer
2026-07-14T17:50:03.066+05:30  INFO 434073 --- [CollegeManagement] [  restartedMain] com.zaxxer.hikari.HikariDataSource       : HikariPool-7 - Starting...
2026-07-14T17:50:03.079+05:30  INFO 434073 --- [CollegeManagement] [  restartedMain] com.zaxxer.hikari.pool.HikariPool        : HikariPool-7 - Added connection org.postgresql.jdbc.PgConnection@6f31c903
2026-07-14T17:50:03.080+05:30  INFO 434073 --- [CollegeManagement] [  restartedMain] com.zaxxer.hikari.HikariDataSource       : HikariPool-7 - Start completed.
2026-07-14T17:50:03.085+05:30  INFO 434073 --- [CollegeManagement] [  restartedMain] org.hibernate.orm.connections.pooling    : HHH10001005: Database info:
	Database JDBC URL [jdbc:postgresql://localhost:5432/college_db]
	Database driver: PostgreSQL JDBC Driver
	Database dialect: PostgreSQLDialect
	Database version: 15.18
	Default catalog/schema: college_db/public
	Autocommit mode: undefined/unknown
	Isolation level: READ_COMMITTED [default READ_COMMITTED]
	JDBC fetch size: none
	Pool: DataSourceConnectionProvider
	Minimum pool size: undefined/unknown
	Maximum pool size: undefined/unknown
2026-07-14T17:50:03.105+05:30  INFO 434073 --- [CollegeManagement] [  restartedMain] org.hibernate.orm.core                   : HHH000489: No JTA platform available (set 'hibernate.transaction.jta.platform' to enable JTA platform integration)
Hibernate: set client_min_messages = WARNING
Hibernate: drop table if exists users cascade
Hibernate: create table users (is_active boolean not null, created_at timestamp(6), id bigint generated by default as identity, updated_at timestamp(6), email varchar(255) not null unique, first_name varchar(255) not null, last_name varchar(255) not null, password varchar(255) not null, phone varchar(255), role varchar(255) not null check ((role in ('SUPER_ADMIN','ADMIN','FACULTY','STUDENT','PARENT'))), primary key (id))
2026-07-14T17:50:03.123+05:30  INFO 434073 --- [CollegeManagement] [  restartedMain] j.LocalContainerEntityManagerFactoryBean : Initialized JPA EntityManagerFactory for persistence unit 'default'
2026-07-14T17:50:03.148+05:30  WARN 434073 --- [CollegeManagement] [  restartedMain] .s.a.UserDetailsServiceAutoConfiguration : 

Using generated security password: b51ec4b4-0a66-4e7e-8ef1-1ebef759cee1

This generated password is for development use only. Your security configuration must be updated before running your application in production.

2026-07-14T17:50:03.149+05:30  INFO 434073 --- [CollegeManagement] [  restartedMain] r$InitializeUserDetailsManagerConfigurer : Global AuthenticationManager configured with UserDetailsService bean with name inMemoryUserDetailsManager
2026-07-14T17:50:03.213+05:30  INFO 434073 --- [CollegeManagement] [  restartedMain] o.s.boot.tomcat.TomcatWebServer          : Tomcat started on port 8080 (http) with context path '/'
2026-07-14T17:50:03.214+05:30  INFO 434073 --- [CollegeManagement] [  restartedMain] c.m.c.CollegeManagementApplication       : Started CollegeManagementApplication in 0.271 seconds (process running for 476.314)
2026-07-14T17:50:03.215+05:30  INFO 434073 --- [CollegeManagement] [  restartedMain] .ConditionEvaluationDeltaLoggingListener : Condition evaluation unchanged
2026-07-14T17:50:09.612+05:30  INFO 434073 --- [CollegeManagement] [   File Watcher] rtingClassPathChangeChangedEventListener : Restarting due to 1 class path change (0 additions, 0 deletions, 1 modification)
2026-07-14T17:50:09.613+05:30  INFO 434073 --- [CollegeManagement] [      Thread-25] o.s.boot.tomcat.GracefulShutdown         : Commencing graceful shutdown. Waiting for active requests to complete
2026-07-14T17:50:09.615+05:30  INFO 434073 --- [CollegeManagement] [tomcat-shutdown] o.s.boot.tomcat.GracefulShutdown         : Graceful shutdown complete
2026-07-14T17:50:09.616+05:30  INFO 434073 --- [CollegeManagement] [      Thread-25] j.LocalContainerEntityManagerFactoryBean : Closing JPA EntityManagerFactory for persistence unit 'default'
Hibernate: set client_min_messages = WARNING
Hibernate: drop table if exists users cascade
2026-07-14T17:50:09.624+05:30  INFO 434073 --- [CollegeManagement] [      Thread-25] com.zaxxer.hikari.HikariDataSource       : HikariPool-7 - Shutdown initiated...
2026-07-14T17:50:09.625+05:30  INFO 434073 --- [CollegeManagement] [      Thread-25] com.zaxxer.hikari.HikariDataSource       : HikariPool-7 - Shutdown completed.

  .   ____          _            __ _ _
 /\\ / ___'_ __ _ _(_)_ __  __ _ \ \ \ \
( ( )\___ | '_ | '_| | '_ \/ _` | \ \ \ \
 \\/  ___)| |_)| | | | | || (_| |  ) ) ) )
  '  |____| .__|_| |_|_| |_\__, | / / / /
 =========|_|==============|___/=/_/_/_/

 :: Spring Boot ::                (v4.1.0)

2026-07-14T17:50:09.690+05:30  INFO 434073 --- [CollegeManagement] [  restartedMain] c.m.c.CollegeManagementApplication       : Starting CollegeManagementApplication using Java 21.0.11 with PID 434073 (/home/samir/Downloads/CollegeManagement/target/classes started by samir in /home/samir/Downloads/CollegeManagement)
2026-07-14T17:50:09.690+05:30 DEBUG 434073 --- [CollegeManagement] [  restartedMain] c.m.c.CollegeManagementApplication       : Running with Spring Boot v4.1.0, Spring v7.0.8
2026-07-14T17:50:09.690+05:30  INFO 434073 --- [CollegeManagement] [  restartedMain] c.m.c.CollegeManagementApplication       : The following 1 profile is active: "dev"
2026-07-14T17:50:09.735+05:30  INFO 434073 --- [CollegeManagement] [  restartedMain] .s.d.r.c.RepositoryConfigurationDelegate : Bootstrapping Spring Data JPA repositories in DEFAULT mode.
2026-07-14T17:50:09.737+05:30  INFO 434073 --- [CollegeManagement] [  restartedMain] .s.d.r.c.RepositoryConfigurationDelegate : Finished Spring Data repository scanning in 1 ms. Found 1 JPA repository interface.
2026-07-14T17:50:09.765+05:30  INFO 434073 --- [CollegeManagement] [  restartedMain] o.s.boot.tomcat.TomcatWebServer          : Tomcat initialized with port 8080 (http)
2026-07-14T17:50:09.765+05:30  INFO 434073 --- [CollegeManagement] [  restartedMain] o.apache.catalina.core.StandardService   : Starting service [Tomcat]
2026-07-14T17:50:09.766+05:30  INFO 434073 --- [CollegeManagement] [  restartedMain] o.apache.catalina.core.StandardEngine    : Starting Servlet engine: [Apache Tomcat/11.0.22]
2026-07-14T17:50:09.768+05:30  INFO 434073 --- [CollegeManagement] [  restartedMain] b.w.c.s.WebApplicationContextInitializer : Root WebApplicationContext: initialization completed in 77 ms
2026-07-14T17:50:09.779+05:30  INFO 434073 --- [CollegeManagement] [  restartedMain] org.hibernate.orm.jpa                    : HHH008540: Processing PersistenceUnitInfo [name: default]
2026-07-14T17:50:09.785+05:30  INFO 434073 --- [CollegeManagement] [  restartedMain] o.s.o.j.p.SpringPersistenceUnitInfo      : No LoadTimeWeaver setup: ignoring JPA class transformer
2026-07-14T17:50:09.785+05:30  INFO 434073 --- [CollegeManagement] [  restartedMain] com.zaxxer.hikari.HikariDataSource       : HikariPool-8 - Starting...
2026-07-14T17:50:09.798+05:30  INFO 434073 --- [CollegeManagement] [  restartedMain] com.zaxxer.hikari.pool.HikariPool        : HikariPool-8 - Added connection org.postgresql.jdbc.PgConnection@62c7ca69
2026-07-14T17:50:09.799+05:30  INFO 434073 --- [CollegeManagement] [  restartedMain] com.zaxxer.hikari.HikariDataSource       : HikariPool-8 - Start completed.
2026-07-14T17:50:09.802+05:30  INFO 434073 --- [CollegeManagement] [  restartedMain] org.hibernate.orm.connections.pooling    : HHH10001005: Database info:
	Database JDBC URL [jdbc:postgresql://localhost:5432/college_db]
	Database driver: PostgreSQL JDBC Driver
	Database dialect: PostgreSQLDialect
	Database version: 15.18
	Default catalog/schema: college_db/public
	Autocommit mode: undefined/unknown
	Isolation level: READ_COMMITTED [default READ_COMMITTED]
	JDBC fetch size: none
	Pool: DataSourceConnectionProvider
	Minimum pool size: undefined/unknown
	Maximum pool size: undefined/unknown
2026-07-14T17:50:09.822+05:30  INFO 434073 --- [CollegeManagement] [  restartedMain] org.hibernate.orm.core                   : HHH000489: No JTA platform available (set 'hibernate.transaction.jta.platform' to enable JTA platform integration)
Hibernate: set client_min_messages = WARNING
Hibernate: drop table if exists users cascade
Hibernate: create table users (is_active boolean not null, created_at timestamp(6), id bigint generated by default as identity, updated_at timestamp(6), email varchar(255) not null unique, first_name varchar(255) not null, last_name varchar(255) not null, password varchar(255) not null, phone varchar(255), role varchar(255) not null check ((role in ('SUPER_ADMIN','ADMIN','FACULTY','STUDENT','PARENT'))), primary key (id))
2026-07-14T17:50:09.838+05:30  INFO 434073 --- [CollegeManagement] [  restartedMain] j.LocalContainerEntityManagerFactoryBean : Initialized JPA EntityManagerFactory for persistence unit 'default'
2026-07-14T17:50:09.855+05:30  WARN 434073 --- [CollegeManagement] [  restartedMain] .s.a.UserDetailsServiceAutoConfiguration : 

Using generated security password: 18fcd97b-c593-48c8-9052-82b9199b85d8

This generated password is for development use only. Your security configuration must be updated before running your application in production.

2026-07-14T17:50:09.856+05:30  INFO 434073 --- [CollegeManagement] [  restartedMain] r$InitializeUserDetailsManagerConfigurer : Global AuthenticationManager configured with UserDetailsService bean with name inMemoryUserDetailsManager
2026-07-14T17:50:09.908+05:30  INFO 434073 --- [CollegeManagement] [  restartedMain] o.s.boot.tomcat.TomcatWebServer          : Tomcat started on port 8080 (http) with context path '/'
2026-07-14T17:50:09.908+05:30  INFO 434073 --- [CollegeManagement] [  restartedMain] c.m.c.CollegeManagementApplication       : Started CollegeManagementApplication in 0.228 seconds (process running for 483.008)
2026-07-14T17:50:09.909+05:30  INFO 434073 --- [CollegeManagement] [  restartedMain] .ConditionEvaluationDeltaLoggingListener : Condition evaluation unchanged
2026-07-14T17:50:37.318+05:30  INFO 434073 --- [CollegeManagement] [   File Watcher] rtingClassPathChangeChangedEventListener : Restarting due to 1 class path change (0 additions, 0 deletions, 1 modification)
2026-07-14T17:50:37.320+05:30  INFO 434073 --- [CollegeManagement] [      Thread-29] o.s.boot.tomcat.GracefulShutdown         : Commencing graceful shutdown. Waiting for active requests to complete
2026-07-14T17:50:37.321+05:30  INFO 434073 --- [CollegeManagement] [tomcat-shutdown] o.s.boot.tomcat.GracefulShutdown         : Graceful shutdown complete
2026-07-14T17:50:37.322+05:30  INFO 434073 --- [CollegeManagement] [      Thread-29] j.LocalContainerEntityManagerFactoryBean : Closing JPA EntityManagerFactory for persistence unit 'default'
Hibernate: set client_min_messages = WARNING
Hibernate: drop table if exists users cascade
2026-07-14T17:50:37.330+05:30  INFO 434073 --- [CollegeManagement] [      Thread-29] com.zaxxer.hikari.HikariDataSource       : HikariPool-8 - Shutdown initiated...
2026-07-14T17:50:37.331+05:30  INFO 434073 --- [CollegeManagement] [      Thread-29] com.zaxxer.hikari.HikariDataSource       : HikariPool-8 - Shutdown completed.

  .   ____          _            __ _ _
 /\\ / ___'_ __ _ _(_)_ __  __ _ \ \ \ \
( ( )\___ | '_ | '_| | '_ \/ _` | \ \ \ \
 \\/  ___)| |_)| | | | | || (_| |  ) ) ) )
  '  |____| .__|_| |_|_| |_\__, | / / / /
 =========|_|==============|___/=/_/_/_/

 :: Spring Boot ::                (v4.1.0)

2026-07-14T17:50:37.388+05:30  INFO 434073 --- [CollegeManagement] [  restartedMain] c.m.c.CollegeManagementApplication       : Starting CollegeManagementApplication using Java 21.0.11 with PID 434073 (/home/samir/Downloads/CollegeManagement/target/classes started by samir in /home/samir/Downloads/CollegeManagement)
2026-07-14T17:50:37.388+05:30 DEBUG 434073 --- [CollegeManagement] [  restartedMain] c.m.c.CollegeManagementApplication       : Running with Spring Boot v4.1.0, Spring v7.0.8
2026-07-14T17:50:37.388+05:30  INFO 434073 --- [CollegeManagement] [  restartedMain] c.m.c.CollegeManagementApplication       : The following 1 profile is active: "dev"
2026-07-14T17:50:37.430+05:30  INFO 434073 --- [CollegeManagement] [  restartedMain] .s.d.r.c.RepositoryConfigurationDelegate : Bootstrapping Spring Data JPA repositories in DEFAULT mode.
2026-07-14T17:50:37.433+05:30  INFO 434073 --- [CollegeManagement] [  restartedMain] .s.d.r.c.RepositoryConfigurationDelegate : Finished Spring Data repository scanning in 2 ms. Found 1 JPA repository interface.
2026-07-14T17:50:37.460+05:30  INFO 434073 --- [CollegeManagement] [  restartedMain] o.s.boot.tomcat.TomcatWebServer          : Tomcat initialized with port 8080 (http)
2026-07-14T17:50:37.461+05:30  INFO 434073 --- [CollegeManagement] [  restartedMain] o.apache.catalina.core.StandardService   : Starting service [Tomcat]
2026-07-14T17:50:37.461+05:30  INFO 434073 --- [CollegeManagement] [  restartedMain] o.apache.catalina.core.StandardEngine    : Starting Servlet engine: [Apache Tomcat/11.0.22]
2026-07-14T17:50:37.463+05:30  INFO 434073 --- [CollegeManagement] [  restartedMain] b.w.c.s.WebApplicationContextInitializer : Root WebApplicationContext: initialization completed in 74 ms
2026-07-14T17:50:37.475+05:30  INFO 434073 --- [CollegeManagement] [  restartedMain] org.hibernate.orm.jpa                    : HHH008540: Processing PersistenceUnitInfo [name: default]
2026-07-14T17:50:37.482+05:30  INFO 434073 --- [CollegeManagement] [  restartedMain] o.s.o.j.p.SpringPersistenceUnitInfo      : No LoadTimeWeaver setup: ignoring JPA class transformer
2026-07-14T17:50:37.482+05:30  INFO 434073 --- [CollegeManagement] [  restartedMain] com.zaxxer.hikari.HikariDataSource       : HikariPool-9 - Starting...
2026-07-14T17:50:37.496+05:30  INFO 434073 --- [CollegeManagement] [  restartedMain] com.zaxxer.hikari.pool.HikariPool        : HikariPool-9 - Added connection org.postgresql.jdbc.PgConnection@d157d1d
2026-07-14T17:50:37.496+05:30  INFO 434073 --- [CollegeManagement] [  restartedMain] com.zaxxer.hikari.HikariDataSource       : HikariPool-9 - Start completed.
2026-07-14T17:50:37.500+05:30  INFO 434073 --- [CollegeManagement] [  restartedMain] org.hibernate.orm.connections.pooling    : HHH10001005: Database info:
	Database JDBC URL [jdbc:postgresql://localhost:5432/college_db]
	Database driver: PostgreSQL JDBC Driver
	Database dialect: PostgreSQLDialect
	Database version: 15.18
	Default catalog/schema: college_db/public
	Autocommit mode: undefined/unknown
	Isolation level: READ_COMMITTED [default READ_COMMITTED]
	JDBC fetch size: none
	Pool: DataSourceConnectionProvider
	Minimum pool size: undefined/unknown
	Maximum pool size: undefined/unknown
2026-07-14T17:50:37.519+05:30  INFO 434073 --- [CollegeManagement] [  restartedMain] org.hibernate.orm.core                   : HHH000489: No JTA platform available (set 'hibernate.transaction.jta.platform' to enable JTA platform integration)
2026-07-14T17:50:37.549+05:30 ERROR 434073 --- [CollegeManagement] [  restartedMain] j.LocalContainerEntityManagerFactoryBean : Failed to initialize JPA EntityManagerFactory: Unable to build Hibernate SessionFactory  [persistence unit: default] ; nested exception is org.hibernate.tool.schema.spi.SchemaManagementException: Schema validation: missing table [users]
2026-07-14T17:50:37.550+05:30  WARN 434073 --- [CollegeManagement] [  restartedMain] ConfigServletWebServerApplicationContext : Exception encountered during context initialization - cancelling refresh attempt: org.springframework.beans.factory.BeanCreationException: Error creating bean with name 'entityManagerFactory' defined in class path resource [org/springframework/boot/hibernate/autoconfigure/HibernateJpaConfiguration.class]: Unable to build Hibernate SessionFactory  [persistence unit: default] ; nested exception is org.hibernate.tool.schema.spi.SchemaManagementException: Schema validation: missing table [users]
2026-07-14T17:50:37.550+05:30  INFO 434073 --- [CollegeManagement] [  restartedMain] com.zaxxer.hikari.HikariDataSource       : HikariPool-9 - Shutdown initiated...
2026-07-14T17:50:37.550+05:30  INFO 434073 --- [CollegeManagement] [  restartedMain] com.zaxxer.hikari.HikariDataSource       : HikariPool-9 - Shutdown completed.
2026-07-14T17:50:37.551+05:30  INFO 434073 --- [CollegeManagement] [  restartedMain] o.apache.catalina.core.StandardService   : Stopping service [Tomcat]
2026-07-14T17:50:37.553+05:30  INFO 434073 --- [CollegeManagement] [  restartedMain] .s.b.a.l.ConditionEvaluationReportLogger : 

Error starting ApplicationContext. To display the condition evaluation report re-run your application with 'debug' enabled.
2026-07-14T17:50:37.560+05:30 ERROR 434073 --- [CollegeManagement] [  restartedMain] o.s.boot.SpringApplication               : Application run failed

org.springframework.beans.factory.BeanCreationException: Error creating bean with name 'entityManagerFactory' defined in class path resource [org/springframework/boot/hibernate/autoconfigure/HibernateJpaConfiguration.class]: Unable to build Hibernate SessionFactory  [persistence unit: default] ; nested exception is org.hibernate.tool.schema.spi.SchemaManagementException: Schema validation: missing table [users]
	at org.springframework.beans.factory.support.AbstractAutowireCapableBeanFactory.initializeBean(AbstractAutowireCapableBeanFactory.java:1815) ~[spring-beans-7.0.8.jar:7.0.8]
	at org.springframework.beans.factory.support.AbstractAutowireCapableBeanFactory.doCreateBean(AbstractAutowireCapableBeanFactory.java:603) ~[spring-beans-7.0.8.jar:7.0.8]
	at org.springframework.beans.factory.support.AbstractAutowireCapableBeanFactory.createBean(AbstractAutowireCapableBeanFactory.java:525) ~[spring-beans-7.0.8.jar:7.0.8]
	at org.springframework.beans.factory.support.AbstractBeanFactory.lambda$doGetBean$0(AbstractBeanFactory.java:333) ~[spring-beans-7.0.8.jar:7.0.8]
	at org.springframework.beans.factory.support.DefaultSingletonBeanRegistry.getSingleton(DefaultSingletonBeanRegistry.java:371) ~[spring-beans-7.0.8.jar:7.0.8]
	at org.springframework.beans.factory.support.AbstractBeanFactory.doGetBean(AbstractBeanFactory.java:331) ~[spring-beans-7.0.8.jar:7.0.8]
	at org.springframework.beans.factory.support.AbstractBeanFactory.getBean(AbstractBeanFactory.java:201) ~[spring-beans-7.0.8.jar:7.0.8]
	at org.springframework.context.support.AbstractApplicationContext.finishBeanFactoryInitialization(AbstractApplicationContext.java:977) ~[spring-context-7.0.8.jar:7.0.8]
	at org.springframework.context.support.AbstractApplicationContext.refresh(AbstractApplicationContext.java:621) ~[spring-context-7.0.8.jar:7.0.8]
	at org.springframework.boot.web.server.servlet.context.ServletWebServerApplicationContext.refresh(ServletWebServerApplicationContext.java:143) ~[spring-boot-web-server-4.1.0.jar:4.1.0]
	at org.springframework.boot.SpringApplication.refresh(SpringApplication.java:756) ~[spring-boot-4.1.0.jar:4.1.0]
	at org.springframework.boot.SpringApplication.refreshContext(SpringApplication.java:445) ~[spring-boot-4.1.0.jar:4.1.0]
	at org.springframework.boot.SpringApplication.run(SpringApplication.java:321) ~[spring-boot-4.1.0.jar:4.1.0]
	at org.springframework.boot.SpringApplication.run(SpringApplication.java:1365) ~[spring-boot-4.1.0.jar:4.1.0]
	at org.springframework.boot.SpringApplication.run(SpringApplication.java:1354) ~[spring-boot-4.1.0.jar:4.1.0]
	at com.my.collegemanagement.CollegeManagementApplication.main(CollegeManagementApplication.java:10) ~[classes/:na]
	at java.base/jdk.internal.reflect.DirectMethodHandleAccessor.invoke(DirectMethodHandleAccessor.java:103) ~[na:na]
	at java.base/java.lang.reflect.Method.invoke(Method.java:580) ~[na:na]
	at org.springframework.boot.devtools.restart.RestartLauncher.run(RestartLauncher.java:52) ~[spring-boot-devtools-4.1.0.jar:4.1.0]
Caused by: jakarta.persistence.PersistenceException: Unable to build Hibernate SessionFactory  [persistence unit: default] ; nested exception is org.hibernate.tool.schema.spi.SchemaManagementException: Schema validation: missing table [users]
	at org.springframework.orm.jpa.AbstractEntityManagerFactoryBean.buildNativeEntityManagerFactory(AbstractEntityManagerFactoryBean.java:448) ~[spring-orm-7.0.8.jar:7.0.8]
	at org.springframework.orm.jpa.AbstractEntityManagerFactoryBean.afterPropertiesSet(AbstractEntityManagerFactoryBean.java:411) ~[spring-orm-7.0.8.jar:7.0.8]
	at org.springframework.orm.jpa.LocalContainerEntityManagerFactoryBean.afterPropertiesSet(LocalContainerEntityManagerFactoryBean.java:419) ~[spring-orm-7.0.8.jar:7.0.8]
	at org.springframework.beans.factory.support.AbstractAutowireCapableBeanFactory.invokeInitMethods(AbstractAutowireCapableBeanFactory.java:1862) ~[spring-beans-7.0.8.jar:7.0.8]
	at org.springframework.beans.factory.support.AbstractAutowireCapableBeanFactory.initializeBean(AbstractAutowireCapableBeanFactory.java:1811) ~[spring-beans-7.0.8.jar:7.0.8]
	... 18 common frames omitted
Caused by: org.hibernate.tool.schema.spi.SchemaManagementException: Schema validation: missing table [users]
	at org.hibernate.tool.schema.internal.AbstractSchemaValidator.validateTable(AbstractSchemaValidator.java:128) ~[hibernate-core-7.4.1.Final.jar:7.4.1.Final]
	at org.hibernate.tool.schema.internal.GroupedSchemaValidatorImpl.validateTables(GroupedSchemaValidatorImpl.java:42) ~[hibernate-core-7.4.1.Final.jar:7.4.1.Final]
	at org.hibernate.tool.schema.internal.AbstractSchemaValidator.performValidation(AbstractSchemaValidator.java:97) ~[hibernate-core-7.4.1.Final.jar:7.4.1.Final]
	at org.hibernate.tool.schema.internal.AbstractSchemaValidator.doValidation(AbstractSchemaValidator.java:75) ~[hibernate-core-7.4.1.Final.jar:7.4.1.Final]
	at org.hibernate.tool.schema.spi.SchemaManagementToolCoordinator.performDatabaseAction(SchemaManagementToolCoordinator.java:278) ~[hibernate-core-7.4.1.Final.jar:7.4.1.Final]
	at org.hibernate.tool.schema.spi.SchemaManagementToolCoordinator.lambda$process$1(SchemaManagementToolCoordinator.java:101) ~[hibernate-core-7.4.1.Final.jar:7.4.1.Final]
	at java.base/java.util.HashMap.forEach(HashMap.java:1429) ~[na:na]
	at org.hibernate.tool.schema.spi.SchemaManagementToolCoordinator.process(SchemaManagementToolCoordinator.java:100) ~[hibernate-core-7.4.1.Final.jar:7.4.1.Final]
	at org.hibernate.boot.internal.SessionFactoryObserverForSchemaExport.sessionFactoryCreated(SessionFactoryObserverForSchemaExport.java:35) ~[hibernate-core-7.4.1.Final.jar:7.4.1.Final]
	at org.hibernate.internal.SessionFactoryObserverChain.sessionFactoryCreated(SessionFactoryObserverChain.java:33) ~[hibernate-core-7.4.1.Final.jar:7.4.1.Final]
	at org.hibernate.internal.SessionFactoryImpl.<init>(SessionFactoryImpl.java:327) ~[hibernate-core-7.4.1.Final.jar:7.4.1.Final]
	at org.hibernate.internal.SessionFactoryRegistry.instantiateSessionFactory(SessionFactoryRegistry.java:64) ~[hibernate-core-7.4.1.Final.jar:7.4.1.Final]
	at org.hibernate.boot.internal.SessionFactoryBuilderImpl.build(SessionFactoryBuilderImpl.java:458) ~[hibernate-core-7.4.1.Final.jar:7.4.1.Final]
	at org.hibernate.jpa.boot.internal.EntityManagerFactoryBuilderImpl.build(EntityManagerFactoryBuilderImpl.java:1452) ~[hibernate-core-7.4.1.Final.jar:7.4.1.Final]
	at org.springframework.orm.jpa.vendor.SpringHibernateJpaPersistenceProvider.createContainerEntityManagerFactory(SpringHibernateJpaPersistenceProvider.java:93) ~[spring-orm-7.0.8.jar:7.0.8]
	at org.springframework.orm.jpa.LocalContainerEntityManagerFactoryBean.createNativeEntityManagerFactory(LocalContainerEntityManagerFactoryBean.java:443) ~[spring-orm-7.0.8.jar:7.0.8]
	at org.springframework.orm.jpa.AbstractEntityManagerFactoryBean.buildNativeEntityManagerFactory(AbstractEntityManagerFactoryBean.java:436) ~[spring-orm-7.0.8.jar:7.0.8]
	... 22 common frames omitted


  .   ____          _            __ _ _
 /\\ / ___'_ __ _ _(_)_ __  __ _ \ \ \ \
( ( )\___ | '_ | '_| | '_ \/ _` | \ \ \ \
 \\/  ___)| |_)| | | | | || (_| |  ) ) ) )
  '  |____| .__|_| |_|_| |_\__, | / / / /
 =========|_|==============|___/=/_/_/_/

 :: Spring Boot ::                (v4.1.0)

2026-07-14T17:50:44.977+05:30  INFO 434073 --- [CollegeManagement] [  restartedMain] c.m.c.CollegeManagementApplication       : Starting CollegeManagementApplication using Java 21.0.11 with PID 434073 (/home/samir/Downloads/CollegeManagement/target/classes started by samir in /home/samir/Downloads/CollegeManagement)
2026-07-14T17:50:44.977+05:30 DEBUG 434073 --- [CollegeManagement] [  restartedMain] c.m.c.CollegeManagementApplication       : Running with Spring Boot v4.1.0, Spring v7.0.8
2026-07-14T17:50:44.977+05:30  INFO 434073 --- [CollegeManagement] [  restartedMain] c.m.c.CollegeManagementApplication       : The following 1 profile is active: "dev"
2026-07-14T17:50:45.031+05:30  INFO 434073 --- [CollegeManagement] [  restartedMain] .s.d.r.c.RepositoryConfigurationDelegate : Bootstrapping Spring Data JPA repositories in DEFAULT mode.
2026-07-14T17:50:45.033+05:30  INFO 434073 --- [CollegeManagement] [  restartedMain] .s.d.r.c.RepositoryConfigurationDelegate : Finished Spring Data repository scanning in 2 ms. Found 1 JPA repository interface.
2026-07-14T17:50:45.069+05:30  INFO 434073 --- [CollegeManagement] [  restartedMain] o.s.boot.tomcat.TomcatWebServer          : Tomcat initialized with port 8080 (http)
2026-07-14T17:50:45.070+05:30  INFO 434073 --- [CollegeManagement] [  restartedMain] o.apache.catalina.core.StandardService   : Starting service [Tomcat]
2026-07-14T17:50:45.070+05:30  INFO 434073 --- [CollegeManagement] [  restartedMain] o.apache.catalina.core.StandardEngine    : Starting Servlet engine: [Apache Tomcat/11.0.22]
2026-07-14T17:50:45.072+05:30  INFO 434073 --- [CollegeManagement] [  restartedMain] b.w.c.s.WebApplicationContextInitializer : Root WebApplicationContext: initialization completed in 94 ms
2026-07-14T17:50:45.158+05:30  INFO 434073 --- [CollegeManagement] [  restartedMain] com.zaxxer.hikari.HikariDataSource       : HikariPool-10 - Starting...
2026-07-14T17:50:45.167+05:30  INFO 434073 --- [CollegeManagement] [  restartedMain] com.zaxxer.hikari.pool.HikariPool        : HikariPool-10 - Added connection org.postgresql.jdbc.PgConnection@6d065af5
2026-07-14T17:50:45.167+05:30  INFO 434073 --- [CollegeManagement] [  restartedMain] com.zaxxer.hikari.HikariDataSource       : HikariPool-10 - Start completed.
2026-07-14T17:50:45.171+05:30  INFO 434073 --- [CollegeManagement] [  restartedMain] org.flywaydb.core.FlywayExecutor         : Database: jdbc:postgresql://localhost:5432/college_db (PostgreSQL 15.18)
2026-07-14T17:50:45.195+05:30  INFO 434073 --- [CollegeManagement] [  restartedMain] o.f.c.i.s.JdbcTableSchemaHistory         : Schema history table "public"."flyway_schema_history" does not exist yet
2026-07-14T17:50:45.197+05:30  INFO 434073 --- [CollegeManagement] [  restartedMain] o.f.core.internal.command.DbValidate     : Successfully validated 1 migration (execution time 00:00.006s)
2026-07-14T17:50:45.204+05:30  INFO 434073 --- [CollegeManagement] [  restartedMain] org.flywaydb.core.Flyway                 : All configured schemas are empty; a baseline marker will not be added to Flyway's schema history table. A baseline or migration script with a lower version than the baseline version may execute if available. Check the Schemas parameter if this is not intended. See https://help.red-gate.com/help/flyway-cli12/help_4.aspx?topic=baseline-on-migrate for more info
2026-07-14T17:50:45.207+05:30  INFO 434073 --- [CollegeManagement] [  restartedMain] o.f.c.i.s.JdbcTableSchemaHistory         : Creating Schema History table "public"."flyway_schema_history" ...
2026-07-14T17:50:45.258+05:30  INFO 434073 --- [CollegeManagement] [  restartedMain] o.f.core.internal.command.DbMigrate      : Current version of schema "public": << Empty Schema >>
2026-07-14T17:50:45.263+05:30  INFO 434073 --- [CollegeManagement] [  restartedMain] o.f.core.internal.command.DbMigrate      : Migrating schema "public" to version "1 - create users table"
2026-07-14T17:50:45.297+05:30  INFO 434073 --- [CollegeManagement] [  restartedMain] o.f.core.internal.command.DbMigrate      : Successfully applied 1 migration to schema "public", now at version v1 (execution time 00:00.021s)
2026-07-14T17:50:45.304+05:30  INFO 434073 --- [CollegeManagement] [  restartedMain] org.hibernate.orm.jpa                    : HHH008540: Processing PersistenceUnitInfo [name: default]
2026-07-14T17:50:45.313+05:30  INFO 434073 --- [CollegeManagement] [  restartedMain] o.s.o.j.p.SpringPersistenceUnitInfo      : No LoadTimeWeaver setup: ignoring JPA class transformer
2026-07-14T17:50:45.318+05:30  INFO 434073 --- [CollegeManagement] [  restartedMain] org.hibernate.orm.connections.pooling    : HHH10001005: Database info:
	Database JDBC URL [jdbc:postgresql://localhost:5432/college_db]
	Database driver: PostgreSQL JDBC Driver
	Database dialect: PostgreSQLDialect
	Database version: 15.18
	Default catalog/schema: college_db/public
	Autocommit mode: undefined/unknown
	Isolation level: READ_COMMITTED [default READ_COMMITTED]
	JDBC fetch size: none
	Pool: DataSourceConnectionProvider
	Minimum pool size: undefined/unknown
	Maximum pool size: undefined/unknown
2026-07-14T17:50:45.338+05:30  INFO 434073 --- [CollegeManagement] [  restartedMain] org.hibernate.orm.core                   : HHH000489: No JTA platform available (set 'hibernate.transaction.jta.platform' to enable JTA platform integration)
2026-07-14T17:50:45.345+05:30  INFO 434073 --- [CollegeManagement] [  restartedMain] j.LocalContainerEntityManagerFactoryBean : Initialized JPA EntityManagerFactory for persistence unit 'default'
2026-07-14T17:50:45.362+05:30  WARN 434073 --- [CollegeManagement] [  restartedMain] .s.a.UserDetailsServiceAutoConfiguration : 

Using generated security password: 016f345e-bd7b-494e-8a66-68dfcbfc471f

This generated password is for development use only. Your security configuration must be updated before running your application in production.

2026-07-14T17:50:45.363+05:30  INFO 434073 --- [CollegeManagement] [  restartedMain] r$InitializeUserDetailsManagerConfigurer : Global AuthenticationManager configured with UserDetailsService bean with name inMemoryUserDetailsManager
2026-07-14T17:50:45.416+05:30  INFO 434073 --- [CollegeManagement] [  restartedMain] o.s.boot.tomcat.TomcatWebServer          : Tomcat started on port 8080 (http) with context path '/'
2026-07-14T17:50:45.417+05:30  INFO 434073 --- [CollegeManagement] [  restartedMain] c.m.c.CollegeManagementApplication       : Started CollegeManagementApplication in 0.447 seconds (process running for 518.516)
2026-07-14T17:50:45.418+05:30  INFO 434073 --- [CollegeManagement] [  restartedMain] .ConditionEvaluationDeltaLoggingListener : Condition evaluation delta:


==========================
CONDITION EVALUATION DELTA
==========================


Positive matches:
-----------------

   FlywayAutoConfiguration matched:
      - @ConditionalOnClass found required class 'org.flywaydb.core.Flyway' (OnClassCondition)
      - @ConditionalOnBooleanProperty (spring.flyway.enabled=true) matched (OnPropertyCondition)
      - AnyNestedCondition 2 matched 1 did not; NestedCondition on FlywayAutoConfiguration.FlywayDataSourceCondition.FlywayUrlCondition @ConditionalOnProperty (spring.flyway.url) did not find property 'spring.flyway.url'; NestedCondition on FlywayAutoConfiguration.FlywayDataSourceCondition.JdbcConnectionDetailsCondition @ConditionalOnBean (types: org.springframework.boot.jdbc.autoconfigure.JdbcConnectionDetails; SearchStrategy: all) found bean 'jdbcConnectionDetails'; NestedCondition on FlywayAutoConfiguration.FlywayDataSourceCondition.DataSourceBeanCondition @ConditionalOnBean (types: javax.sql.DataSource; SearchStrategy: all) found bean 'dataSource' (FlywayAutoConfiguration.FlywayDataSourceCondition)

   FlywayAutoConfiguration.FlywayConfiguration matched:
      - @ConditionalOnClass found required class 'org.springframework.jdbc.support.JdbcUtils' (OnClassCondition)
      - @ConditionalOnMissingBean (types: org.flywaydb.core.Flyway; SearchStrategy: all) did not find any beans (OnBeanCondition)

   FlywayAutoConfiguration.FlywayConfiguration#flywayConnectionDetails matched:
      - @ConditionalOnMissingBean (types: org.springframework.boot.flyway.autoconfigure.FlywayConnectionDetails; SearchStrategy: all) did not find any beans (OnBeanCondition)

   FlywayAutoConfiguration.FlywayConfiguration#flywayInitializer matched:
      - @ConditionalOnMissingBean (types: org.springframework.boot.flyway.autoconfigure.FlywayMigrationInitializer; SearchStrategy: all) did not find any beans (OnBeanCondition)

   FlywayAutoConfiguration.FlywayConfiguration.PostgresqlConfiguration matched:
      - @ConditionalOnClass found required class 'org.flywaydb.database.postgresql.PostgreSQLConfigurationExtension' (OnClassCondition)


Negative matches:
-----------------

   FlywayAutoConfiguration.FlywayConfiguration.OracleConfiguration:
      Did not match:
         - @ConditionalOnClass did not find required class 'org.flywaydb.database.oracle.OracleConfigurationExtension' (OnClassCondition)

   FlywayAutoConfiguration.FlywayConfiguration.SqlServerConfiguration:
      Did not match:
         - @ConditionalOnClass did not find required class 'org.flywaydb.database.sqlserver.SQLServerConfigurationExtension' (OnClassCondition)


Exclusions:
-----------

    None


Unconditional classes:
----------------------

    None



2026-07-14T17:51:06.825+05:30  INFO 434073 --- [CollegeManagement] [   File Watcher] rtingClassPathChangeChangedEventListener : Restarting due to 1 class path change (0 additions, 0 deletions, 1 modification)
2026-07-14T17:51:06.827+05:30  INFO 434073 --- [CollegeManagement] [      Thread-33] o.s.boot.tomcat.GracefulShutdown         : Commencing graceful shutdown. Waiting for active requests to complete
2026-07-14T17:51:06.828+05:30  INFO 434073 --- [CollegeManagement] [tomcat-shutdown] o.s.boot.tomcat.GracefulShutdown         : Graceful shutdown complete
2026-07-14T17:51:06.829+05:30  INFO 434073 --- [CollegeManagement] [      Thread-33] j.LocalContainerEntityManagerFactoryBean : Closing JPA EntityManagerFactory for persistence unit 'default'
2026-07-14T17:51:06.830+05:30  INFO 434073 --- [CollegeManagement] [      Thread-33] com.zaxxer.hikari.HikariDataSource       : HikariPool-10 - Shutdown initiated...
2026-07-14T17:51:06.831+05:30  INFO 434073 --- [CollegeManagement] [      Thread-33] com.zaxxer.hikari.HikariDataSource       : HikariPool-10 - Shutdown completed.

  .   ____          _            __ _ _
 /\\ / ___'_ __ _ _(_)_ __  __ _ \ \ \ \
( ( )\___ | '_ | '_| | '_ \/ _` | \ \ \ \
 \\/  ___)| |_)| | | | | || (_| |  ) ) ) )
  '  |____| .__|_| |_|_| |_\__, | / / / /
 =========|_|==============|___/=/_/_/_/

 :: Spring Boot ::                (v4.1.0)

2026-07-14T17:51:06.917+05:30  INFO 434073 --- [CollegeManagement] [  restartedMain] c.m.c.CollegeManagementApplication       : Starting CollegeManagementApplication using Java 21.0.11 with PID 434073 (/home/samir/Downloads/CollegeManagement/target/classes started by samir in /home/samir/Downloads/CollegeManagement)
2026-07-14T17:51:06.918+05:30 DEBUG 434073 --- [CollegeManagement] [  restartedMain] c.m.c.CollegeManagementApplication       : Running with Spring Boot v4.1.0, Spring v7.0.8
2026-07-14T17:51:06.918+05:30  INFO 434073 --- [CollegeManagement] [  restartedMain] c.m.c.CollegeManagementApplication       : The following 1 profile is active: "dev"
2026-07-14T17:51:06.958+05:30  INFO 434073 --- [CollegeManagement] [  restartedMain] .s.d.r.c.RepositoryConfigurationDelegate : Bootstrapping Spring Data JPA repositories in DEFAULT mode.
2026-07-14T17:51:06.960+05:30  INFO 434073 --- [CollegeManagement] [  restartedMain] .s.d.r.c.RepositoryConfigurationDelegate : Finished Spring Data repository scanning in 1 ms. Found 1 JPA repository interface.
2026-07-14T17:51:06.987+05:30  INFO 434073 --- [CollegeManagement] [  restartedMain] o.s.boot.tomcat.TomcatWebServer          : Tomcat initialized with port 8080 (http)
2026-07-14T17:51:06.987+05:30  INFO 434073 --- [CollegeManagement] [  restartedMain] o.apache.catalina.core.StandardService   : Starting service [Tomcat]
2026-07-14T17:51:06.987+05:30  INFO 434073 --- [CollegeManagement] [  restartedMain] o.apache.catalina.core.StandardEngine    : Starting Servlet engine: [Apache Tomcat/11.0.22]
2026-07-14T17:51:06.990+05:30  INFO 434073 --- [CollegeManagement] [  restartedMain] b.w.c.s.WebApplicationContextInitializer : Root WebApplicationContext: initialization completed in 71 ms
2026-07-14T17:51:07.004+05:30  INFO 434073 --- [CollegeManagement] [  restartedMain] com.zaxxer.hikari.HikariDataSource       : HikariPool-11 - Starting...
2026-07-14T17:51:07.014+05:30  INFO 434073 --- [CollegeManagement] [  restartedMain] com.zaxxer.hikari.pool.HikariPool        : HikariPool-11 - Added connection org.postgresql.jdbc.PgConnection@44b31b82
2026-07-14T17:51:07.015+05:30  INFO 434073 --- [CollegeManagement] [  restartedMain] com.zaxxer.hikari.HikariDataSource       : HikariPool-11 - Start completed.
2026-07-14T17:51:07.015+05:30  INFO 434073 --- [CollegeManagement] [  restartedMain] org.flywaydb.core.FlywayExecutor         : Database: jdbc:postgresql://localhost:5432/college_db (PostgreSQL 15.18)
2026-07-14T17:51:07.023+05:30  INFO 434073 --- [CollegeManagement] [  restartedMain] o.f.core.internal.command.DbValidate     : Successfully validated 1 migration (execution time 00:00.003s)
2026-07-14T17:51:07.046+05:30  INFO 434073 --- [CollegeManagement] [  restartedMain] o.f.core.internal.command.DbMigrate      : Current version of schema "public": 1
2026-07-14T17:51:07.047+05:30  INFO 434073 --- [CollegeManagement] [  restartedMain] o.f.core.internal.command.DbMigrate      : Schema "public" is up to date. No migration necessary.
2026-07-14T17:51:07.053+05:30  INFO 434073 --- [CollegeManagement] [  restartedMain] org.hibernate.orm.jpa                    : HHH008540: Processing PersistenceUnitInfo [name: default]
2026-07-14T17:51:07.062+05:30  INFO 434073 --- [CollegeManagement] [  restartedMain] o.s.o.j.p.SpringPersistenceUnitInfo      : No LoadTimeWeaver setup: ignoring JPA class transformer
2026-07-14T17:51:07.070+05:30  INFO 434073 --- [CollegeManagement] [  restartedMain] org.hibernate.orm.connections.pooling    : HHH10001005: Database info:
	Database JDBC URL [jdbc:postgresql://localhost:5432/college_db]
	Database driver: PostgreSQL JDBC Driver
	Database dialect: PostgreSQLDialect
	Database version: 15.18
	Default catalog/schema: college_db/public
	Autocommit mode: undefined/unknown
	Isolation level: READ_COMMITTED [default READ_COMMITTED]
	JDBC fetch size: none
	Pool: DataSourceConnectionProvider
	Minimum pool size: undefined/unknown
	Maximum pool size: undefined/unknown
2026-07-14T17:51:07.100+05:30  INFO 434073 --- [CollegeManagement] [  restartedMain] org.hibernate.orm.core                   : HHH000489: No JTA platform available (set 'hibernate.transaction.jta.platform' to enable JTA platform integration)
2026-07-14T17:51:07.107+05:30  INFO 434073 --- [CollegeManagement] [  restartedMain] j.LocalContainerEntityManagerFactoryBean : Initialized JPA EntityManagerFactory for persistence unit 'default'
2026-07-14T17:51:07.133+05:30  WARN 434073 --- [CollegeManagement] [  restartedMain] .s.a.UserDetailsServiceAutoConfiguration : 

Using generated security password: 330d0d4b-ec03-4ccf-94ad-003c5bc30444

This generated password is for development use only. Your security configuration must be updated before running your application in production.

2026-07-14T17:51:07.133+05:30  INFO 434073 --- [CollegeManagement] [  restartedMain] r$InitializeUserDetailsManagerConfigurer : Global AuthenticationManager configured with UserDetailsService bean with name inMemoryUserDetailsManager
2026-07-14T17:51:07.184+05:30  INFO 434073 --- [CollegeManagement] [  restartedMain] o.s.boot.tomcat.TomcatWebServer          : Tomcat started on port 8080 (http) with context path '/'
2026-07-14T17:51:07.185+05:30  INFO 434073 --- [CollegeManagement] [  restartedMain] c.m.c.CollegeManagementApplication       : Started CollegeManagementApplication in 0.276 seconds (process running for 540.284)
2026-07-14T17:51:07.185+05:30  INFO 434073 --- [CollegeManagement] [  restartedMain] .ConditionEvaluationDeltaLoggingListener : Condition evaluation unchanged
2026-07-14T17:51:09.581+05:30  INFO 434073 --- [CollegeManagement] [   File Watcher] rtingClassPathChangeChangedEventListener : Restarting due to 1 class path change (0 additions, 0 deletions, 1 modification)
2026-07-14T17:51:09.583+05:30  INFO 434073 --- [CollegeManagement] [      Thread-40] o.s.boot.tomcat.GracefulShutdown         : Commencing graceful shutdown. Waiting for active requests to complete
2026-07-14T17:51:09.584+05:30  INFO 434073 --- [CollegeManagement] [tomcat-shutdown] o.s.boot.tomcat.GracefulShutdown         : Graceful shutdown complete
2026-07-14T17:51:09.586+05:30  INFO 434073 --- [CollegeManagement] [      Thread-40] j.LocalContainerEntityManagerFactoryBean : Closing JPA EntityManagerFactory for persistence unit 'default'
2026-07-14T17:51:09.586+05:30  INFO 434073 --- [CollegeManagement] [      Thread-40] com.zaxxer.hikari.HikariDataSource       : HikariPool-11 - Shutdown initiated...
2026-07-14T17:51:09.588+05:30  INFO 434073 --- [CollegeManagement] [      Thread-40] com.zaxxer.hikari.HikariDataSource       : HikariPool-11 - Shutdown completed.

  .   ____          _            __ _ _
 /\\ / ___'_ __ _ _(_)_ __  __ _ \ \ \ \
( ( )\___ | '_ | '_| | '_ \/ _` | \ \ \ \
 \\/  ___)| |_)| | | | | || (_| |  ) ) ) )
  '  |____| .__|_| |_|_| |_\__, | / / / /
 =========|_|==============|___/=/_/_/_/

 :: Spring Boot ::                (v4.1.0)

2026-07-14T17:51:09.670+05:30  INFO 434073 --- [CollegeManagement] [  restartedMain] c.m.c.CollegeManagementApplication       : Starting CollegeManagementApplication using Java 21.0.11 with PID 434073 (/home/samir/Downloads/CollegeManagement/target/classes started by samir in /home/samir/Downloads/CollegeManagement)
2026-07-14T17:51:09.671+05:30 DEBUG 434073 --- [CollegeManagement] [  restartedMain] c.m.c.CollegeManagementApplication       : Running with Spring Boot v4.1.0, Spring v7.0.8
2026-07-14T17:51:09.671+05:30  INFO 434073 --- [CollegeManagement] [  restartedMain] c.m.c.CollegeManagementApplication       : The following 1 profile is active: "dev"
2026-07-14T17:51:09.711+05:30  INFO 434073 --- [CollegeManagement] [  restartedMain] .s.d.r.c.RepositoryConfigurationDelegate : Bootstrapping Spring Data JPA repositories in DEFAULT mode.
2026-07-14T17:51:09.713+05:30  INFO 434073 --- [CollegeManagement] [  restartedMain] .s.d.r.c.RepositoryConfigurationDelegate : Finished Spring Data repository scanning in 1 ms. Found 1 JPA repository interface.
2026-07-14T17:51:09.739+05:30  INFO 434073 --- [CollegeManagement] [  restartedMain] o.s.boot.tomcat.TomcatWebServer          : Tomcat initialized with port 8080 (http)
2026-07-14T17:51:09.739+05:30  INFO 434073 --- [CollegeManagement] [  restartedMain] o.apache.catalina.core.StandardService   : Starting service [Tomcat]
2026-07-14T17:51:09.739+05:30  INFO 434073 --- [CollegeManagement] [  restartedMain] o.apache.catalina.core.StandardEngine    : Starting Servlet engine: [Apache Tomcat/11.0.22]
2026-07-14T17:51:09.742+05:30  INFO 434073 --- [CollegeManagement] [  restartedMain] b.w.c.s.WebApplicationContextInitializer : Root WebApplicationContext: initialization completed in 71 ms
2026-07-14T17:51:09.756+05:30  INFO 434073 --- [CollegeManagement] [  restartedMain] com.zaxxer.hikari.HikariDataSource       : HikariPool-12 - Starting...
2026-07-14T17:51:09.772+05:30  INFO 434073 --- [CollegeManagement] [  restartedMain] com.zaxxer.hikari.pool.HikariPool        : HikariPool-12 - Added connection org.postgresql.jdbc.PgConnection@2d21c8e4
2026-07-14T17:51:09.772+05:30  INFO 434073 --- [CollegeManagement] [  restartedMain] com.zaxxer.hikari.HikariDataSource       : HikariPool-12 - Start completed.
2026-07-14T17:51:09.774+05:30  INFO 434073 --- [CollegeManagement] [  restartedMain] org.flywaydb.core.FlywayExecutor         : Database: jdbc:postgresql://localhost:5432/college_db (PostgreSQL 15.18)
2026-07-14T17:51:09.789+05:30  INFO 434073 --- [CollegeManagement] [  restartedMain] o.f.core.internal.command.DbValidate     : Successfully validated 1 migration (execution time 00:00.003s)
2026-07-14T17:51:09.809+05:30  INFO 434073 --- [CollegeManagement] [  restartedMain] o.f.core.internal.command.DbMigrate      : Current version of schema "public": 1
2026-07-14T17:51:09.809+05:30  INFO 434073 --- [CollegeManagement] [  restartedMain] o.f.core.internal.command.DbMigrate      : Schema "public" is up to date. No migration necessary.
2026-07-14T17:51:09.818+05:30  INFO 434073 --- [CollegeManagement] [  restartedMain] org.hibernate.orm.jpa                    : HHH008540: Processing PersistenceUnitInfo [name: default]
2026-07-14T17:51:09.826+05:30  INFO 434073 --- [CollegeManagement] [  restartedMain] o.s.o.j.p.SpringPersistenceUnitInfo      : No LoadTimeWeaver setup: ignoring JPA class transformer
2026-07-14T17:51:09.829+05:30  INFO 434073 --- [CollegeManagement] [  restartedMain] org.hibernate.orm.connections.pooling    : HHH10001005: Database info:
	Database JDBC URL [jdbc:postgresql://localhost:5432/college_db]
	Database driver: PostgreSQL JDBC Driver
	Database dialect: PostgreSQLDialect
	Database version: 15.18
	Default catalog/schema: college_db/public
	Autocommit mode: undefined/unknown
	Isolation level: READ_COMMITTED [default READ_COMMITTED]
	JDBC fetch size: none
	Pool: DataSourceConnectionProvider
	Minimum pool size: undefined/unknown
	Maximum pool size: undefined/unknown
2026-07-14T17:51:09.852+05:30  INFO 434073 --- [CollegeManagement] [  restartedMain] org.hibernate.orm.core                   : HHH000489: No JTA platform available (set 'hibernate.transaction.jta.platform' to enable JTA platform integration)
2026-07-14T17:51:09.858+05:30  INFO 434073 --- [CollegeManagement] [  restartedMain] j.LocalContainerEntityManagerFactoryBean : Initialized JPA EntityManagerFactory for persistence unit 'default'
2026-07-14T17:51:09.877+05:30  WARN 434073 --- [CollegeManagement] [  restartedMain] .s.a.UserDetailsServiceAutoConfiguration : 

Using generated security password: 4cbfed2a-ad72-4bce-bbcb-9dc48f8844b4

This generated password is for development use only. Your security configuration must be updated before running your application in production.

2026-07-14T17:51:09.877+05:30  INFO 434073 --- [CollegeManagement] [  restartedMain] r$InitializeUserDetailsManagerConfigurer : Global AuthenticationManager configured with UserDetailsService bean with name inMemoryUserDetailsManager
2026-07-14T17:51:09.927+05:30  INFO 434073 --- [CollegeManagement] [  restartedMain] o.s.boot.tomcat.TomcatWebServer          : Tomcat started on port 8080 (http) with context path '/'
2026-07-14T17:51:09.928+05:30  INFO 434073 --- [CollegeManagement] [  restartedMain] c.m.c.CollegeManagementApplication       : Started CollegeManagementApplication in 0.266 seconds (process running for 543.027)
2026-07-14T17:51:09.928+05:30  INFO 434073 --- [CollegeManagement] [  restartedMain] .ConditionEvaluationDeltaLoggingListener : Condition evaluation unchanged
2026-07-14T17:51:32.738+05:30  INFO 434073 --- [CollegeManagement] [   File Watcher] rtingClassPathChangeChangedEventListener : Restarting due to 7 class path changes (0 additions, 0 deletions, 7 modifications)
2026-07-14T17:51:32.739+05:30  INFO 434073 --- [CollegeManagement] [      Thread-44] o.s.boot.tomcat.GracefulShutdown         : Commencing graceful shutdown. Waiting for active requests to complete
2026-07-14T17:51:32.740+05:30  INFO 434073 --- [CollegeManagement] [tomcat-shutdown] o.s.boot.tomcat.GracefulShutdown         : Graceful shutdown complete
2026-07-14T17:51:32.741+05:30  INFO 434073 --- [CollegeManagement] [      Thread-44] j.LocalContainerEntityManagerFactoryBean : Closing JPA EntityManagerFactory for persistence unit 'default'
2026-07-14T17:51:32.742+05:30  INFO 434073 --- [CollegeManagement] [      Thread-44] com.zaxxer.hikari.HikariDataSource       : HikariPool-12 - Shutdown initiated...
2026-07-14T17:51:32.743+05:30  INFO 434073 --- [CollegeManagement] [      Thread-44] com.zaxxer.hikari.HikariDataSource       : HikariPool-12 - Shutdown completed.

  .   ____          _            __ _ _
 /\\ / ___'_ __ _ _(_)_ __  __ _ \ \ \ \
( ( )\___ | '_ | '_| | '_ \/ _` | \ \ \ \
 \\/  ___)| |_)| | | | | || (_| |  ) ) ) )
  '  |____| .__|_| |_|_| |_\__, | / / / /
 =========|_|==============|___/=/_/_/_/

 :: Spring Boot ::                (v4.1.0)

2026-07-14T17:51:32.827+05:30  INFO 434073 --- [CollegeManagement] [  restartedMain] c.m.c.CollegeManagementApplication       : Starting CollegeManagementApplication using Java 21.0.11 with PID 434073 (/home/samir/Downloads/CollegeManagement/target/classes started by samir in /home/samir/Downloads/CollegeManagement)
2026-07-14T17:51:32.827+05:30 DEBUG 434073 --- [CollegeManagement] [  restartedMain] c.m.c.CollegeManagementApplication       : Running with Spring Boot v4.1.0, Spring v7.0.8
2026-07-14T17:51:32.827+05:30  INFO 434073 --- [CollegeManagement] [  restartedMain] c.m.c.CollegeManagementApplication       : The following 1 profile is active: "dev"
2026-07-14T17:51:32.870+05:30  INFO 434073 --- [CollegeManagement] [  restartedMain] .s.d.r.c.RepositoryConfigurationDelegate : Bootstrapping Spring Data JPA repositories in DEFAULT mode.
2026-07-14T17:51:32.873+05:30  INFO 434073 --- [CollegeManagement] [  restartedMain] .s.d.r.c.RepositoryConfigurationDelegate : Finished Spring Data repository scanning in 1 ms. Found 1 JPA repository interface.
2026-07-14T17:51:32.904+05:30  INFO 434073 --- [CollegeManagement] [  restartedMain] o.s.boot.tomcat.TomcatWebServer          : Tomcat initialized with port 8080 (http)
2026-07-14T17:51:32.904+05:30  INFO 434073 --- [CollegeManagement] [  restartedMain] o.apache.catalina.core.StandardService   : Starting service [Tomcat]
2026-07-14T17:51:32.904+05:30  INFO 434073 --- [CollegeManagement] [  restartedMain] o.apache.catalina.core.StandardEngine    : Starting Servlet engine: [Apache Tomcat/11.0.22]
2026-07-14T17:51:32.907+05:30  INFO 434073 --- [CollegeManagement] [  restartedMain] b.w.c.s.WebApplicationContextInitializer : Root WebApplicationContext: initialization completed in 79 ms
2026-07-14T17:51:32.922+05:30  INFO 434073 --- [CollegeManagement] [  restartedMain] com.zaxxer.hikari.HikariDataSource       : HikariPool-13 - Starting...
2026-07-14T17:51:32.939+05:30  INFO 434073 --- [CollegeManagement] [  restartedMain] com.zaxxer.hikari.pool.HikariPool        : HikariPool-13 - Added connection org.postgresql.jdbc.PgConnection@35ec26c
2026-07-14T17:51:32.939+05:30  INFO 434073 --- [CollegeManagement] [  restartedMain] com.zaxxer.hikari.HikariDataSource       : HikariPool-13 - Start completed.
2026-07-14T17:51:32.940+05:30  INFO 434073 --- [CollegeManagement] [  restartedMain] org.flywaydb.core.FlywayExecutor         : Database: jdbc:postgresql://localhost:5432/college_db (PostgreSQL 15.18)
2026-07-14T17:51:32.951+05:30  INFO 434073 --- [CollegeManagement] [  restartedMain] o.f.core.internal.command.DbValidate     : Successfully validated 1 migration (execution time 00:00.002s)
2026-07-14T17:51:32.969+05:30  INFO 434073 --- [CollegeManagement] [  restartedMain] o.f.core.internal.command.DbMigrate      : Current version of schema "public": 1
2026-07-14T17:51:32.969+05:30  INFO 434073 --- [CollegeManagement] [  restartedMain] o.f.core.internal.command.DbMigrate      : Schema "public" is up to date. No migration necessary.
2026-07-14T17:51:32.977+05:30  INFO 434073 --- [CollegeManagement] [  restartedMain] org.hibernate.orm.jpa                    : HHH008540: Processing PersistenceUnitInfo [name: default]
2026-07-14T17:51:32.986+05:30  INFO 434073 --- [CollegeManagement] [  restartedMain] o.s.o.j.p.SpringPersistenceUnitInfo      : No LoadTimeWeaver setup: ignoring JPA class transformer
2026-07-14T17:51:32.989+05:30  INFO 434073 --- [CollegeManagement] [  restartedMain] org.hibernate.orm.connections.pooling    : HHH10001005: Database info:
	Database JDBC URL [jdbc:postgresql://localhost:5432/college_db]
	Database driver: PostgreSQL JDBC Driver
	Database dialect: PostgreSQLDialect
	Database version: 15.18
	Default catalog/schema: college_db/public
	Autocommit mode: undefined/unknown
	Isolation level: READ_COMMITTED [default READ_COMMITTED]
	JDBC fetch size: none
	Pool: DataSourceConnectionProvider
	Minimum pool size: undefined/unknown
	Maximum pool size: undefined/unknown
2026-07-14T17:51:33.013+05:30  INFO 434073 --- [CollegeManagement] [  restartedMain] org.hibernate.orm.core                   : HHH000489: No JTA platform available (set 'hibernate.transaction.jta.platform' to enable JTA platform integration)
2026-07-14T17:51:33.019+05:30  INFO 434073 --- [CollegeManagement] [  restartedMain] j.LocalContainerEntityManagerFactoryBean : Initialized JPA EntityManagerFactory for persistence unit 'default'
2026-07-14T17:51:33.045+05:30  WARN 434073 --- [CollegeManagement] [  restartedMain] .s.a.UserDetailsServiceAutoConfiguration : 

Using generated security password: d5611c85-acf1-4a37-bebf-e55d1066c85a

This generated password is for development use only. Your security configuration must be updated before running your application in production.

2026-07-14T17:51:33.046+05:30  INFO 434073 --- [CollegeManagement] [  restartedMain] r$InitializeUserDetailsManagerConfigurer : Global AuthenticationManager configured with UserDetailsService bean with name inMemoryUserDetailsManager
2026-07-14T17:51:33.102+05:30  INFO 434073 --- [CollegeManagement] [  restartedMain] o.s.boot.tomcat.TomcatWebServer          : Tomcat started on port 8080 (http) with context path '/'
2026-07-14T17:51:33.103+05:30  INFO 434073 --- [CollegeManagement] [  restartedMain] c.m.c.CollegeManagementApplication       : Started CollegeManagementApplication in 0.286 seconds (process running for 566.203)
2026-07-14T17:51:33.103+05:30  INFO 434073 --- [CollegeManagement] [  restartedMain] .ConditionEvaluationDeltaLoggingListener : Condition evaluation unchanged
